../Core/Src/app_i2c_lcd.c:113:6:LCD_Testing	24	static
../Core/Src/app_i2c_lcd.c:120:6:FaBoLCD_PCF8574	32	static
../Core/Src/app_i2c_lcd.c:134:6:init	4	static
../Core/Src/app_i2c_lcd.c:142:6:begin	16	static
../Core/Src/app_i2c_lcd.c:200:6:setRowOffsets	24	static
../Core/Src/app_i2c_lcd.c:213:6:clear	8	static
../Core/Src/app_i2c_lcd.c:222:6:home	8	static
../Core/Src/app_i2c_lcd.c:231:6:setCursor	24	static
../Core/Src/app_i2c_lcd.c:247:6:noDisplay	8	static
../Core/Src/app_i2c_lcd.c:255:6:display	8	static
../Core/Src/app_i2c_lcd.c:263:6:noCursor	8	static
../Core/Src/app_i2c_lcd.c:271:6:cursor	8	static
../Core/Src/app_i2c_lcd.c:279:6:noBlink	8	static
../Core/Src/app_i2c_lcd.c:287:6:blink	8	static
../Core/Src/app_i2c_lcd.c:295:6:scrollDisplayLeft	8	static
../Core/Src/app_i2c_lcd.c:302:6:scrollDisplayRight	8	static
../Core/Src/app_i2c_lcd.c:309:6:leftToRight	8	static
../Core/Src/app_i2c_lcd.c:317:6:rightToLeft	8	static
../Core/Src/app_i2c_lcd.c:325:6:autoscroll	8	static
../Core/Src/app_i2c_lcd.c:333:6:noAutoscroll	8	static
../Core/Src/app_i2c_lcd.c:341:6:createChar	24	static
../Core/Src/app_i2c_lcd.c:354:13:command	16	static
../Core/Src/app_i2c_lcd.c:361:16:write	16	static
../Core/Src/app_i2c_lcd.c:371:6:send	24	static
../Core/Src/app_i2c_lcd.c:381:6:pulseEnable	16	static
../Core/Src/app_i2c_lcd.c:393:6:write4bits	16	static
../Core/Src/app_i2c_lcd.c:401:6:writeI2c	32	static
../Core/Src/app_i2c_lcd.c:433:6:Lcd_Initialization	8	static
../Core/Src/app_i2c_lcd.c:438:6:Lcd_Send_Cmd	16	static
../Core/Src/app_i2c_lcd.c:443:6:Lcd_Send_Data	16	static
../Core/Src/app_i2c_lcd.c:450:6:Lcd_Send_String	16	static
../Core/Src/app_i2c_lcd.c:455:6:Lcd_Clear_Display	8	static
../Core/Src/app_i2c_lcd.c:460:6:Lcd_Goto_XY	16	static
../Core/Src/app_i2c_lcd.c:466:6:Show_Box_ID	32	static
../Core/Src/app_i2c_lcd.c:475:6:Show_KWH	40	static
