../Core/Src/app_i2c_lcd.c:110:6:LCD_Testing	24	static
../Core/Src/app_i2c_lcd.c:117:6:FaBoLCD_PCF8574	32	static
../Core/Src/app_i2c_lcd.c:131:6:init	4	static
../Core/Src/app_i2c_lcd.c:139:6:begin	16	static
../Core/Src/app_i2c_lcd.c:197:6:setRowOffsets	24	static
../Core/Src/app_i2c_lcd.c:210:6:clear	8	static
../Core/Src/app_i2c_lcd.c:219:6:home	8	static
../Core/Src/app_i2c_lcd.c:228:6:setCursor	24	static
../Core/Src/app_i2c_lcd.c:244:6:noDisplay	8	static
../Core/Src/app_i2c_lcd.c:252:6:display	8	static
../Core/Src/app_i2c_lcd.c:260:6:noCursor	8	static
../Core/Src/app_i2c_lcd.c:268:6:cursor	8	static
../Core/Src/app_i2c_lcd.c:276:6:noBlink	8	static
../Core/Src/app_i2c_lcd.c:284:6:blink	8	static
../Core/Src/app_i2c_lcd.c:292:6:scrollDisplayLeft	8	static
../Core/Src/app_i2c_lcd.c:299:6:scrollDisplayRight	8	static
../Core/Src/app_i2c_lcd.c:306:6:leftToRight	8	static
../Core/Src/app_i2c_lcd.c:314:6:rightToLeft	8	static
../Core/Src/app_i2c_lcd.c:322:6:autoscroll	8	static
../Core/Src/app_i2c_lcd.c:330:6:noAutoscroll	8	static
../Core/Src/app_i2c_lcd.c:338:6:createChar	24	static
../Core/Src/app_i2c_lcd.c:351:13:command	16	static
../Core/Src/app_i2c_lcd.c:358:16:write	16	static
../Core/Src/app_i2c_lcd.c:368:6:send	24	static
../Core/Src/app_i2c_lcd.c:378:6:pulseEnable	16	static
../Core/Src/app_i2c_lcd.c:390:6:write4bits	16	static
../Core/Src/app_i2c_lcd.c:398:6:writeI2c	32	static
../Core/Src/app_i2c_lcd.c:430:6:Lcd_Initialization	8	static
../Core/Src/app_i2c_lcd.c:435:6:Lcd_Send_Cmd	16	static
../Core/Src/app_i2c_lcd.c:440:6:Lcd_Send_Data	16	static
../Core/Src/app_i2c_lcd.c:445:6:Lcd_Send_String	16	static
../Core/Src/app_i2c_lcd.c:450:6:Lcd_Clear_Display	8	static
../Core/Src/app_i2c_lcd.c:455:6:Lcd_Goto_XY	16	static
../Core/Src/app_i2c_lcd.c:461:6:Show_Box_ID	32	static
../Core/Src/app_i2c_lcd.c:470:6:Show_KWH	40	static
../Core/Src/app_i2c_lcd.c:482:6:displayNum	56	static
../Core/Src/app_i2c_lcd.c:507:6:displayInMode	48	static
