../Core/Src/app_i2c_lcd.c:114:6:LCD_Testing	24	static
../Core/Src/app_i2c_lcd.c:121:6:FaBoLCD_PCF8574	32	static
../Core/Src/app_i2c_lcd.c:135:6:init	4	static
../Core/Src/app_i2c_lcd.c:143:6:begin	16	static
../Core/Src/app_i2c_lcd.c:201:6:setRowOffsets	24	static
../Core/Src/app_i2c_lcd.c:214:6:clear	8	static
../Core/Src/app_i2c_lcd.c:223:6:home	8	static
../Core/Src/app_i2c_lcd.c:232:6:setCursor	24	static
../Core/Src/app_i2c_lcd.c:248:6:noDisplay	8	static
../Core/Src/app_i2c_lcd.c:256:6:display	8	static
../Core/Src/app_i2c_lcd.c:264:6:noCursor	8	static
../Core/Src/app_i2c_lcd.c:272:6:cursor	8	static
../Core/Src/app_i2c_lcd.c:280:6:noBlink	8	static
../Core/Src/app_i2c_lcd.c:288:6:blink	8	static
../Core/Src/app_i2c_lcd.c:296:6:scrollDisplayLeft	8	static
../Core/Src/app_i2c_lcd.c:303:6:scrollDisplayRight	8	static
../Core/Src/app_i2c_lcd.c:310:6:leftToRight	8	static
../Core/Src/app_i2c_lcd.c:318:6:rightToLeft	8	static
../Core/Src/app_i2c_lcd.c:326:6:autoscroll	8	static
../Core/Src/app_i2c_lcd.c:334:6:noAutoscroll	8	static
../Core/Src/app_i2c_lcd.c:342:6:createChar	24	static
../Core/Src/app_i2c_lcd.c:355:13:command	16	static
../Core/Src/app_i2c_lcd.c:362:16:write	16	static
../Core/Src/app_i2c_lcd.c:372:6:send	24	static
../Core/Src/app_i2c_lcd.c:382:6:pulseEnable	16	static
../Core/Src/app_i2c_lcd.c:394:6:write4bits	16	static
../Core/Src/app_i2c_lcd.c:402:6:writeI2c	32	static
../Core/Src/app_i2c_lcd.c:434:6:Lcd_Initialization	8	static
../Core/Src/app_i2c_lcd.c:439:6:Lcd_Send_Cmd	16	static
../Core/Src/app_i2c_lcd.c:444:6:Lcd_Send_Data	16	static
../Core/Src/app_i2c_lcd.c:449:6:Lcd_Send_String	16	static
../Core/Src/app_i2c_lcd.c:454:6:Lcd_Clear_Display	8	static
../Core/Src/app_i2c_lcd.c:459:6:Lcd_Goto_XY	16	static
../Core/Src/app_i2c_lcd.c:465:6:Show_Box_ID	32	static
../Core/Src/app_i2c_lcd.c:474:6:Show_KWH	40	static
../Core/Src/app_i2c_lcd.c:486:6:displayNum	48	static
