../Core/Src/app_25LC512.c:20:6:MC25LC512_CS	16	static
../Core/Src/app_25LC512.c:38:6:MC25LC512_WriteEnableOrDisable	24	static
../Core/Src/app_25LC512.c:55:9:MC25LC512_ReleaseDeepPowerDownMode	16	static
../Core/Src/app_25LC512.c:76:6:MC25LC512_Initialize	8	static
../Core/Src/app_25LC512.c:85:6:MC25LC512_Write_Bytes	32	static
../Core/Src/app_25LC512.c:110:6:MC25LC512_Write_HalfWords	24	static
../Core/Src/app_25LC512.c:136:6:MC25LC512_Write_Words	32	static
../Core/Src/app_25LC512.c:162:9:MC25LC512_ReadStatusRegister	16	static
../Core/Src/app_25LC512.c:177:9:MC25LC512_Read_Bytes	24	static
../Core/Src/app_25LC512.c:198:9:MC25LC512_Read_HalfWords	24	static
../Core/Src/app_25LC512.c:223:10:MC25LC512_Read_Words	24	static
