../Core/Src/app_25LC512.c:20:6:MC25LC512_CS	16	static
../Core/Src/app_25LC512.c:37:6:MC25LC512_WriteEnableOrDisable	24	static
../Core/Src/app_25LC512.c:54:9:MC25LC512_ReleaseDeepPowerDownMode	16	static
../Core/Src/app_25LC512.c:75:6:MC25LC512_Initialize	8	static
../Core/Src/app_25LC512.c:84:6:MC25LC512_Write_Bytes	32	static
../Core/Src/app_25LC512.c:109:6:MC25LC512_Write_HalfWords	24	static
../Core/Src/app_25LC512.c:135:6:MC25LC512_Write_Words	32	static
../Core/Src/app_25LC512.c:161:9:MC25LC512_ReadStatusRegister	16	static
../Core/Src/app_25LC512.c:176:9:MC25LC512_Read_Bytes	24	static
../Core/Src/app_25LC512.c:197:9:MC25LC512_Read_HalfWords	24	static
../Core/Src/app_25LC512.c:222:10:MC25LC512_Read_Words	24	static
