../Core/Src/main.c:80:6:buzzer	16	static
../Core/Src/main.c:88:6:ledBlink	16	static
../Core/Src/main.c:108:6:UpdateStatus	4	static
../Core/Src/main.c:115:6:buzzerStartUp	8	static
../Core/Src/main.c:121:6:buzzerProcess	8	static
../Core/Src/main.c:143:6:HAL_UART_RxCpltCallback	16	static
../Core/Src/main.c:159:5:main	8	static
../Core/Src/main.c:225:6:SystemClock_Config	72	static
../Core/Src/main.c:262:13:MX_I2C1_Init	8	static
../Core/Src/main.c:296:13:MX_TIM2_Init	32	static
../Core/Src/main.c:341:13:MX_USART3_UART_Init	8	static
../Core/Src/main.c:374:13:MX_GPIO_Init	40	static
../Core/Src/main.c:419:6:HAL_TIM_PeriodElapsedCallback	16	static
../Core/Src/main.c:434:6:Error_Handler	4	static,ignoring_inline_asm
