../Core/Src/main.c:77:6:buzzer	16	static
../Core/Src/main.c:85:6:ledBlink	16	static
../Core/Src/main.c:105:6:UpdateStatus	4	static
../Core/Src/main.c:112:6:buzzerStartUp	8	static
../Core/Src/main.c:118:6:buzzerProcess	8	static
../Core/Src/main.c:146:5:main	8	static
../Core/Src/main.c:211:6:SystemClock_Config	72	static
../Core/Src/main.c:248:13:MX_I2C1_Init	8	static
../Core/Src/main.c:282:13:MX_TIM2_Init	32	static
../Core/Src/main.c:327:13:MX_GPIO_Init	40	static
../Core/Src/main.c:384:6:HAL_TIM_PeriodElapsedCallback	16	static
../Core/Src/main.c:399:6:Error_Handler	4	static,ignoring_inline_asm
