Archive member included to satisfy reference by file (symbol)

f:/stm32cubeide_1.11.0/stm32cubeide/plugins/com.st.stm32cube.ide.mcu.externaltools.gnu-tools-for-stm32.10.3-2021.10.win32_1.0.100.202210260954/tools/bin/../lib/gcc/arm-none-eabi/10.3.1/../../../../arm-none-eabi/lib/thumb/v7-m/nofp\libc_nano.a(lib_a-errno.o)
                              ./Core/Src/syscalls.o (__errno)
f:/stm32cubeide_1.11.0/stm32cubeide/plugins/com.st.stm32cube.ide.mcu.externaltools.gnu-tools-for-stm32.10.3-2021.10.win32_1.0.100.202210260954/tools/bin/../lib/gcc/arm-none-eabi/10.3.1/../../../../arm-none-eabi/lib/thumb/v7-m/nofp\libc_nano.a(lib_a-exit.o)
                              f:/stm32cubeide_1.11.0/stm32cubeide/plugins/com.st.stm32cube.ide.mcu.externaltools.gnu-tools-for-stm32.10.3-2021.10.win32_1.0.100.202210260954/tools/bin/../lib/gcc/arm-none-eabi/10.3.1/../../../../arm-none-eabi/lib/thumb/v7-m/nofp/crt0.o (exit)
f:/stm32cubeide_1.11.0/stm32cubeide/plugins/com.st.stm32cube.ide.mcu.externaltools.gnu-tools-for-stm32.10.3-2021.10.win32_1.0.100.202210260954/tools/bin/../lib/gcc/arm-none-eabi/10.3.1/../../../../arm-none-eabi/lib/thumb/v7-m/nofp\libc_nano.a(lib_a-impure.o)
                              f:/stm32cubeide_1.11.0/stm32cubeide/plugins/com.st.stm32cube.ide.mcu.externaltools.gnu-tools-for-stm32.10.3-2021.10.win32_1.0.100.202210260954/tools/bin/../lib/gcc/arm-none-eabi/10.3.1/../../../../arm-none-eabi/lib/thumb/v7-m/nofp\libc_nano.a(lib_a-exit.o) (_global_impure_ptr)
f:/stm32cubeide_1.11.0/stm32cubeide/plugins/com.st.stm32cube.ide.mcu.externaltools.gnu-tools-for-stm32.10.3-2021.10.win32_1.0.100.202210260954/tools/bin/../lib/gcc/arm-none-eabi/10.3.1/../../../../arm-none-eabi/lib/thumb/v7-m/nofp\libc_nano.a(lib_a-init.o)
                              f:/stm32cubeide_1.11.0/stm32cubeide/plugins/com.st.stm32cube.ide.mcu.externaltools.gnu-tools-for-stm32.10.3-2021.10.win32_1.0.100.202210260954/tools/bin/../lib/gcc/arm-none-eabi/10.3.1/../../../../arm-none-eabi/lib/thumb/v7-m/nofp/crt0.o (__libc_init_array)
f:/stm32cubeide_1.11.0/stm32cubeide/plugins/com.st.stm32cube.ide.mcu.externaltools.gnu-tools-for-stm32.10.3-2021.10.win32_1.0.100.202210260954/tools/bin/../lib/gcc/arm-none-eabi/10.3.1/../../../../arm-none-eabi/lib/thumb/v7-m/nofp\libc_nano.a(lib_a-memset.o)
                              f:/stm32cubeide_1.11.0/stm32cubeide/plugins/com.st.stm32cube.ide.mcu.externaltools.gnu-tools-for-stm32.10.3-2021.10.win32_1.0.100.202210260954/tools/bin/../lib/gcc/arm-none-eabi/10.3.1/../../../../arm-none-eabi/lib/thumb/v7-m/nofp/crt0.o (memset)
f:/stm32cubeide_1.11.0/stm32cubeide/plugins/com.st.stm32cube.ide.mcu.externaltools.gnu-tools-for-stm32.10.3-2021.10.win32_1.0.100.202210260954/tools/bin/../lib/gcc/arm-none-eabi/10.3.1/../../../../arm-none-eabi/lib/thumb/v7-m/nofp\libc_nano.a(lib_a-sprintf.o)
                              ./Core/Src/app_i2c_lcd.o (sprintf)
f:/stm32cubeide_1.11.0/stm32cubeide/plugins/com.st.stm32cube.ide.mcu.externaltools.gnu-tools-for-stm32.10.3-2021.10.win32_1.0.100.202210260954/tools/bin/../lib/gcc/arm-none-eabi/10.3.1/../../../../arm-none-eabi/lib/thumb/v7-m/nofp\libc_nano.a(lib_a-nano-svfprintf.o)
                              f:/stm32cubeide_1.11.0/stm32cubeide/plugins/com.st.stm32cube.ide.mcu.externaltools.gnu-tools-for-stm32.10.3-2021.10.win32_1.0.100.202210260954/tools/bin/../lib/gcc/arm-none-eabi/10.3.1/../../../../arm-none-eabi/lib/thumb/v7-m/nofp\libc_nano.a(lib_a-sprintf.o) (_svfprintf_r)
f:/stm32cubeide_1.11.0/stm32cubeide/plugins/com.st.stm32cube.ide.mcu.externaltools.gnu-tools-for-stm32.10.3-2021.10.win32_1.0.100.202210260954/tools/bin/../lib/gcc/arm-none-eabi/10.3.1/../../../../arm-none-eabi/lib/thumb/v7-m/nofp\libc_nano.a(lib_a-nano-vfprintf_i.o)
                              f:/stm32cubeide_1.11.0/stm32cubeide/plugins/com.st.stm32cube.ide.mcu.externaltools.gnu-tools-for-stm32.10.3-2021.10.win32_1.0.100.202210260954/tools/bin/../lib/gcc/arm-none-eabi/10.3.1/../../../../arm-none-eabi/lib/thumb/v7-m/nofp\libc_nano.a(lib_a-nano-svfprintf.o) (_printf_i)
f:/stm32cubeide_1.11.0/stm32cubeide/plugins/com.st.stm32cube.ide.mcu.externaltools.gnu-tools-for-stm32.10.3-2021.10.win32_1.0.100.202210260954/tools/bin/../lib/gcc/arm-none-eabi/10.3.1/../../../../arm-none-eabi/lib/thumb/v7-m/nofp\libc_nano.a(lib_a-memchr-stub.o)
                              f:/stm32cubeide_1.11.0/stm32cubeide/plugins/com.st.stm32cube.ide.mcu.externaltools.gnu-tools-for-stm32.10.3-2021.10.win32_1.0.100.202210260954/tools/bin/../lib/gcc/arm-none-eabi/10.3.1/../../../../arm-none-eabi/lib/thumb/v7-m/nofp\libc_nano.a(lib_a-nano-svfprintf.o) (memchr)
f:/stm32cubeide_1.11.0/stm32cubeide/plugins/com.st.stm32cube.ide.mcu.externaltools.gnu-tools-for-stm32.10.3-2021.10.win32_1.0.100.202210260954/tools/bin/../lib/gcc/arm-none-eabi/10.3.1/../../../../arm-none-eabi/lib/thumb/v7-m/nofp\libc_nano.a(lib_a-memcpy-stub.o)
[...]
Memory Configuration

Name             Origin             Length             Attributes
RAM              0x0000000020000000 0x0000000000005000 xrw
FLASH            0x0000000008000000 0x0000000000020000 xr
*default*        0x0000000000000000 0xffffffffffffffff

Linker script and memory map

LOAD f:/stm32cubeide_1.11.0/stm32cubeide/plugins/com.st.stm32cube.ide.mcu.externaltools.gnu-tools-for-stm32.10.3-2021.10.win32_1.0.100.202210260954/tools/bin/../lib/gcc/arm-none-eabi/10.3.1/thumb/v7-m/nofp/crti.o
LOAD f:/stm32cubeide_1.11.0/stm32cubeide/plugins/com.st.stm32cube.ide.mcu.externaltools.gnu-tools-for-stm32.10.3-2021.10.win32_1.0.100.202210260954/tools/bin/../lib/gcc/arm-none-eabi/10.3.1/thumb/v7-m/nofp/crtbegin.o
LOAD f:/stm32cubeide_1.11.0/stm32cubeide/plugins/com.st.stm32cube.ide.mcu.externaltools.gnu-tools-for-stm32.10.3-2021.10.win32_1.0.100.202210260954/tools/bin/../lib/gcc/arm-none-eabi/10.3.1/../../../../arm-none-eabi/lib/thumb/v7-m/nofp/crt0.o
LOAD ./Core/Src/app_i2c_lcd.o
LOAD ./Core/Src/buzzer.o
LOAD ./Core/Src/fsm.o
LOAD ./Core/Src/global.o
LOAD ./Core/Src/led_pannel.o
LOAD ./Core/Src/main.o
LOAD ./Core/Src/software_timer.o
LOAD ./Core/Src/stm32f1xx_hal_msp.o
LOAD ./Core/Src/stm32f1xx_it.o
LOAD ./Core/Src/syscalls.o
LOAD ./Core/Src/sysmem.o
LOAD ./Core/Src/system_stm32f1xx.o
LOAD ./Core/Src/uart_reading.o
LOAD ./Core/Startup/startup_stm32f103rbtx.o
LOAD ./Drivers/STM32F1xx_HAL_Driver/Src/stm32f1xx_hal.o
LOAD ./Drivers/STM32F1xx_HAL_Driver/Src/stm32f1xx_hal_cortex.o
LOAD ./Drivers/STM32F1xx_HAL_Driver/Src/stm32f1xx_hal_dma.o
LOAD ./Drivers/STM32F1xx_HAL_Driver/Src/stm32f1xx_hal_exti.o
LOAD ./Drivers/STM32F1xx_HAL_Driver/Src/stm32f1xx_hal_flash.o
LOAD ./Drivers/STM32F1xx_HAL_Driver/Src/stm32f1xx_hal_flash_ex.o
LOAD ./Drivers/STM32F1xx_HAL_Driver/Src/stm32f1xx_hal_gpio.o
LOAD ./Drivers/STM32F1xx_HAL_Driver/Src/stm32f1xx_hal_gpio_ex.o
LOAD ./Drivers/STM32F1xx_HAL_Driver/Src/stm32f1xx_hal_i2c.o
LOAD ./Drivers/STM32F1xx_HAL_Driver/Src/stm32f1xx_hal_pwr.o
LOAD ./Drivers/STM32F1xx_HAL_Driver/Src/stm32f1xx_hal_rcc.o
LOAD ./Drivers/STM32F1xx_HAL_Driver/Src/stm32f1xx_hal_rcc_ex.o
LOAD ./Drivers/STM32F1xx_HAL_Driver/Src/stm32f1xx_hal_tim.o
LOAD ./Drivers/STM32F1xx_HAL_Driver/Src/stm32f1xx_hal_tim_ex.o
LOAD ./Drivers/STM32F1xx_HAL_Driver/Src/stm32f1xx_hal_uart.o
START GROUP
LOAD f:/stm32cubeide_1.11.0/stm32cubeide/plugins/com.st.stm32cube.ide.mcu.externaltools.gnu-tools-for-stm32.10.3-2021.10.win32_1.0.100.202210260954/tools/bin/../lib/gcc/arm-none-eabi/10.3.1/../../../../arm-none-eabi/lib/thumb/v7-m/nofp\libc_nano.a
LOAD f:/stm32cubeide_1.11.0/stm32cubeide/plugins/com.st.stm32cube.ide.mcu.externaltools.gnu-tools-for-stm32.10.3-2021.10.win32_1.0.100.202210260954/tools/bin/../lib/gcc/arm-none-eabi/10.3.1/../../../../arm-none-eabi/lib/thumb/v7-m/nofp\libm.a
END GROUP
START GROUP
LOAD f:/stm32cubeide_1.11.0/stm32cubeide/plugins/com.st.stm32cube.ide.mcu.externaltools.gnu-tools-for-stm32.10.3-2021.10.win32_1.0.100.202210260954/tools/bin/../lib/gcc/arm-none-eabi/10.3.1/thumb/v7-m/nofp\libgcc.a
LOAD f:/stm32cubeide_1.11.0/stm32cubeide/plugins/com.st.stm32cube.ide.mcu.externaltools.gnu-tools-for-stm32.10.3-2021.10.win32_1.0.100.202210260954/tools/bin/../lib/gcc/arm-none-eabi/10.3.1/../../../../arm-none-eabi/lib/thumb/v7-m/nofp\libc_nano.a
END GROUP
START GROUP
LOAD f:/stm32cubeide_1.11.0/stm32cubeide/plugins/com.st.stm32cube.ide.mcu.externaltools.gnu-tools-for-stm32.10.3-2021.10.win32_1.0.100.202210260954/tools/bin/../lib/gcc/arm-none-eabi/10.3.1/thumb/v7-m/nofp\libgcc.a
LOAD f:/stm32cubeide_1.11.0/stm32cubeide/plugins/com.st.stm32cube.ide.mcu.externaltools.gnu-tools-for-stm32.10.3-2021.10.win32_1.0.100.202210260954/tools/bin/../lib/gcc/arm-none-eabi/10.3.1/../../../../arm-none-eabi/lib/thumb/v7-m/nofp\libc_nano.a
LOAD f:/stm32cubeide_1.11.0/stm32cubeide/plugins/com.st.stm32cube.ide.mcu.externaltools.gnu-tools-for-stm32.10.3-2021.10.win32_1.0.100.202210260954/tools/bin/../lib/gcc/arm-none-eabi/10.3.1/../../../../arm-none-eabi/lib/thumb/v7-m/nofp\libnosys.a
END GROUP
START GROUP
LOAD f:/stm32cubeide_1.11.0/stm32cubeide/plugins/com.st.stm32cube.ide.mcu.externaltools.gnu-tools-for-stm32.10.3-2021.10.win32_1.0.100.202210260954/tools/bin/../lib/gcc/arm-none-eabi/10.3.1/thumb/v7-m/nofp\libgcc.a
LOAD f:/stm32cubeide_1.11.0/stm32cubeide/plugins/com.st.stm32cube.ide.mcu.externaltools.gnu-tools-for-stm32.10.3-2021.10.win32_1.0.100.202210260954/tools/bin/../lib/gcc/arm-none-eabi/10.3.1/../../../../arm-none-eabi/lib/thumb/v7-m/nofp\libc_nano.a
LOAD f:/stm32cubeide_1.11.0/stm32cubeide/plugins/com.st.stm32cube.ide.mcu.externaltools.gnu-tools-for-stm32.10.3-2021.10.win32_1.0.100.202210260954/tools/bin/../lib/gcc/arm-none-eabi/10.3.1/../../../../arm-none-eabi/lib/thumb/v7-m/nofp\libnosys.a
END GROUP
LOAD f:/stm32cubeide_1.11.0/stm32cubeide/plugins/com.st.stm32cube.ide.mcu.externaltools.gnu-tools-for-stm32.10.3-2021.10.win32_1.0.100.202210260954/tools/bin/../lib/gcc/arm-none-eabi/10.3.1/thumb/v7-m/nofp/crtend.o
LOAD f:/stm32cubeide_1.11.0/stm32cubeide/plugins/com.st.stm32cube.ide.mcu.externaltools.gnu-tools-for-stm32.10.3-2021.10.win32_1.0.100.202210260954/tools/bin/../lib/gcc/arm-none-eabi/10.3.1/thumb/v7-m/nofp/crtn.o
                0x0000000020005000                _estack = (ORIGIN (RAM) + LENGTH (RAM))
                0x0000000000000200                _Min_Heap_Size = 0x200
                0x0000000000000400                _Min_Stack_Size = 0x400

.isr_vector     0x0000000008000000      0x10c
                0x0000000008000000                . = ALIGN (0x4)
 *(.isr_vector)
 .isr_vector    0x0000000008000000      0x10c ./Core/Startup/startup_stm32f103rbtx.o
                0x0000000008000000                g_pfnVectors
                0x000000000800010c                . = ALIGN (0x4)

.text           0x000000000800010c     0x4ee0
                0x000000000800010c                . = ALIGN (0x4)
 *(.text)
 .text          0x000000000800010c       0x40 f:/stm32cubeide_1.11.0/stm32cubeide/plugins/com.st.stm32cube.ide.mcu.externaltools.gnu-tools-for-stm32.10.3-2021.10.win32_1.0.100.202210260954/tools/bin/../lib/gcc/arm-none-eabi/10.3.1/thumb/v7-m/nofp/crtbegin.o
 *(.text*)
 .text.FaBoLCD_PCF8574
                0x000000000800014c       0x58 ./Core/Src/app_i2c_lcd.o
                0x000000000800014c                FaBoLCD_PCF8574
 .text.init     0x00000000080001a4       0x18 ./Core/Src/app_i2c_lcd.o
                0x00000000080001a4                init
 .text.begin    0x00000000080001bc       0xd8 ./Core/Src/app_i2c_lcd.o
                0x00000000080001bc                begin
 .text.setRowOffsets
                0x0000000008000294       0x3c ./Core/Src/app_i2c_lcd.o
                0x0000000008000294                setRowOffsets
 .text.clear    0x00000000080002d0       0x14 ./Core/Src/app_i2c_lcd.o
                0x00000000080002d0                clear
 .text.setCursor
                0x00000000080002e4       0x64 ./Core/Src/app_i2c_lcd.o
                0x00000000080002e4                setCursor
 .text.display  0x0000000008000348       0x2c ./Core/Src/app_i2c_lcd.o
                0x0000000008000348                display
 .text.command  0x0000000008000374       0x1c ./Core/Src/app_i2c_lcd.o
                0x0000000008000374                command
 .text.write    0x0000000008000390       0x1e ./Core/Src/app_i2c_lcd.o
                0x0000000008000390                write
 .text.send     0x00000000080003ae       0x42 ./Core/Src/app_i2c_lcd.o
                0x00000000080003ae                send
 .text.pulseEnable
                0x00000000080003f0       0x4e ./Core/Src/app_i2c_lcd.o
                0x00000000080003f0                pulseEnable
 .text.write4bits
                0x000000000800043e       0x22 ./Core/Src/app_i2c_lcd.o
                0x000000000800043e                write4bits
 .text.writeI2c
                0x0000000008000460       0x44 ./Core/Src/app_i2c_lcd.o
                0x0000000008000460                writeI2c
 .text.Lcd_Initialization
                0x00000000080004a4        0xe ./Core/Src/app_i2c_lcd.o
                0x00000000080004a4                Lcd_Initialization
 .text.Lcd_Send_Data
                0x00000000080004b2       0x1a ./Core/Src/app_i2c_lcd.o
                0x00000000080004b2                Lcd_Send_Data
 .text.Lcd_Send_String
                0x00000000080004cc       0x2a ./Core/Src/app_i2c_lcd.o
                0x00000000080004cc                Lcd_Send_String
 .text.Lcd_Goto_XY
                0x00000000080004f6       0x22 ./Core/Src/app_i2c_lcd.o
                0x00000000080004f6                Lcd_Goto_XY
 .text.displayNum
                0x0000000008000518       0xd4 ./Core/Src/app_i2c_lcd.o
                0x0000000008000518                displayNum
 .text.displayInMode
                0x00000000080005ec       0x78 ./Core/Src/app_i2c_lcd.o
                0x00000000080005ec                displayInMode
 .text.ensureInBoundary
                0x0000000008000664       0x78 ./Core/Src/fsm.o
                0x0000000008000664                ensureInBoundary
 .text.mode2IncProcess
                0x00000000080006dc       0x3c ./Core/Src/fsm.o
                0x00000000080006dc                mode2IncProcess
 .text.mode2DecProcess
                0x0000000008000718       0x3c ./Core/Src/fsm.o
                0x0000000008000718                mode2DecProcess
 .text.mode3IncProcess
                0x0000000008000754       0x3c ./Core/Src/fsm.o
                0x0000000008000754                mode3IncProcess
 .text.mode3DecProcess
                0x0000000008000790       0x3c ./Core/Src/fsm.o
                0x0000000008000790                mode3DecProcess
 .text.fsm_run  0x00000000080007cc      0x3a8 ./Core/Src/fsm.o
                0x00000000080007cc                fsm_run
 .text.initWaitingTime
                0x0000000008000b74       0x34 ./Core/Src/global.o
                0x0000000008000b74                initWaitingTime
 .text.initVar  0x0000000008000ba8       0x64 ./Core/Src/global.o
                0x0000000008000ba8                initVar
 .text.latchEnable
                0x0000000008000c0c       0x18 ./Core/Src/led_pannel.o
                0x0000000008000c0c                latchEnable
 .text.latchDisable
                0x0000000008000c24       0x18 ./Core/Src/led_pannel.o
                0x0000000008000c24                latchDisable
 .text.outputEnable
                0x0000000008000c3c       0x18 ./Core/Src/led_pannel.o
                0x0000000008000c3c                outputEnable
 .text.clockON  0x0000000008000c54       0x18 ./Core/Src/led_pannel.o
                0x0000000008000c54                clockON
 .text.clockOFF
                0x0000000008000c6c       0x18 ./Core/Src/led_pannel.o
                0x0000000008000c6c                clockOFF
 .text.dataOUT  0x0000000008000c84       0x24 ./Core/Src/led_pannel.o
                0x0000000008000c84                dataOUT
 .text.getBitValue
                0x0000000008000ca8       0x26 ./Core/Src/led_pannel.o
                0x0000000008000ca8                getBitValue
 *fill*         0x0000000008000cce        0x2 
 .text.ledDisplay1
                0x0000000008000cd0       0x4c ./Core/Src/led_pannel.o
                0x0000000008000cd0                ledDisplay1
 .text.ledDisplay2
                0x0000000008000d1c       0x4c ./Core/Src/led_pannel.o
                0x0000000008000d1c                ledDisplay2
 .text.ledDisplay3
                0x0000000008000d68       0x4c ./Core/Src/led_pannel.o
                0x0000000008000d68                ledDisplay3
 .text.ledDisplay4
                0x0000000008000db4       0x4c ./Core/Src/led_pannel.o
                0x0000000008000db4                ledDisplay4
 .text.ledDisplay5
                0x0000000008000e00       0x4c ./Core/Src/led_pannel.o
                0x0000000008000e00                ledDisplay5
 .text.ledDisplay6
                0x0000000008000e4c       0x4c ./Core/Src/led_pannel.o
                0x0000000008000e4c                ledDisplay6
 .text.enableLedPannel
                0x0000000008000e98       0x60 ./Core/Src/led_pannel.o
                0x0000000008000e98                enableLedPannel
 .text.HAL_UART_RxCpltCallback
                0x0000000008000ef8       0x78 ./Core/Src/main.o
                0x0000000008000ef8                HAL_UART_RxCpltCallback
 .text.main     0x0000000008000f70       0x90 ./Core/Src/main.o
                0x0000000008000f70                main
 .text.SystemClock_Config
                0x0000000008001000       0x76 ./Core/Src/main.o
                0x0000000008001000                SystemClock_Config
 *fill*         0x0000000008001076        0x2 
 .text.MX_I2C1_Init
                0x0000000008001078       0x5c ./Core/Src/main.o
 .text.MX_TIM2_Init
                0x00000000080010d4       0x98 ./Core/Src/main.o
 .text.MX_USART3_UART_Init
                0x000000000800116c       0x54 ./Core/Src/main.o
 .text.MX_GPIO_Init
                0x00000000080011c0      0x100 ./Core/Src/main.o
 .text.HAL_TIM_PeriodElapsedCallback
                0x00000000080012c0       0x14 ./Core/Src/main.o
                0x00000000080012c0                HAL_TIM_PeriodElapsedCallback
 .text.Error_Handler
                0x00000000080012d4        0xa ./Core/Src/main.o
                0x00000000080012d4                Error_Handler
 *fill*         0x00000000080012de        0x2 
 .text.setTimer1
                0x00000000080012e0       0x28 ./Core/Src/software_timer.o
                0x00000000080012e0                setTimer1
 .text.setTimer2
                0x0000000008001308       0x28 ./Core/Src/software_timer.o
                0x0000000008001308                setTimer2
 .text.setTimer3
                0x0000000008001330       0x28 ./Core/Src/software_timer.o
                0x0000000008001330                setTimer3
 .text.setTimer4
                0x0000000008001358       0x28 ./Core/Src/software_timer.o
                0x0000000008001358                setTimer4
 .text.setTimer5
                0x0000000008001380       0x28 ./Core/Src/software_timer.o
                0x0000000008001380                setTimer5
 .text.setTimer6
                0x00000000080013a8       0x28 ./Core/Src/software_timer.o
                0x00000000080013a8                setTimer6
 .text.timerRun
                0x00000000080013d0      0x19c ./Core/Src/software_timer.o
                0x00000000080013d0                timerRun
 .text.HAL_MspInit
                0x000000000800156c       0x64 ./Core/Src/stm32f1xx_hal_msp.o
                0x000000000800156c                HAL_MspInit
 .text.HAL_I2C_MspInit
                0x00000000080015d0       0x7c ./Core/Src/stm32f1xx_hal_msp.o
                0x00000000080015d0                HAL_I2C_MspInit
 .text.HAL_TIM_Base_MspInit
                0x000000000800164c       0x48 ./Core/Src/stm32f1xx_hal_msp.o
                0x000000000800164c                HAL_TIM_Base_MspInit
 .text.HAL_UART_MspInit
                0x0000000008001694       0xa8 ./Core/Src/stm32f1xx_hal_msp.o
                0x0000000008001694                HAL_UART_MspInit
 .text.NMI_Handler
                0x000000000800173c        0x6 ./Core/Src/stm32f1xx_it.o
                0x000000000800173c                NMI_Handler
 .text.HardFault_Handler
                0x0000000008001742        0x6 ./Core/Src/stm32f1xx_it.o
                0x0000000008001742                HardFault_Handler
 .text.MemManage_Handler
                0x0000000008001748        0x6 ./Core/Src/stm32f1xx_it.o
                0x0000000008001748                MemManage_Handler
 .text.BusFault_Handler
                0x000000000800174e        0x6 ./Core/Src/stm32f1xx_it.o
                0x000000000800174e                BusFault_Handler
 .text.UsageFault_Handler
                0x0000000008001754        0x6 ./Core/Src/stm32f1xx_it.o
                0x0000000008001754                UsageFault_Handler
 .text.SVC_Handler
                0x000000000800175a        0xc ./Core/Src/stm32f1xx_it.o
                0x000000000800175a                SVC_Handler
 .text.DebugMon_Handler
                0x0000000008001766        0xc ./Core/Src/stm32f1xx_it.o
                0x0000000008001766                DebugMon_Handler
 .text.PendSV_Handler
                0x0000000008001772        0xc ./Core/Src/stm32f1xx_it.o
                0x0000000008001772                PendSV_Handler
 .text.SysTick_Handler
                0x000000000800177e        0xc ./Core/Src/stm32f1xx_it.o
                0x000000000800177e                SysTick_Handler
 *fill*         0x000000000800178a        0x2 
 .text.TIM2_IRQHandler
                0x000000000800178c       0x14 ./Core/Src/stm32f1xx_it.o
                0x000000000800178c                TIM2_IRQHandler
 .text.USART3_IRQHandler
                0x00000000080017a0       0x14 ./Core/Src/stm32f1xx_it.o
                0x00000000080017a0                USART3_IRQHandler
 .text._sbrk    0x00000000080017b4       0x6c ./Core/Src/sysmem.o
                0x00000000080017b4                _sbrk
 .text.SystemInit
                0x0000000008001820        0xc ./Core/Src/system_stm32f1xx.o
                0x0000000008001820                SystemInit
 .text.isCmdEqualToRST
                0x000000000800182c       0x2a ./Core/Src/uart_reading.o
                0x000000000800182c                isCmdEqualToRST
 .text.isCmdEqualToOK
                0x0000000008001856       0x2a ./Core/Src/uart_reading.o
                0x0000000008001856                isCmdEqualToOK
 .text.isCmdEqualTo1
                0x0000000008001880       0x2a ./Core/Src/uart_reading.o
                0x0000000008001880                isCmdEqualTo1
 .text.isCmdEqualTo2
                0x00000000080018aa       0x2a ./Core/Src/uart_reading.o
                0x00000000080018aa                isCmdEqualTo2
 .text.isCmdEqualToInc
                0x00000000080018d4       0x2a ./Core/Src/uart_reading.o
                0x00000000080018d4                isCmdEqualToInc
 .text.isCmdEqualToDec
                0x00000000080018fe       0x2a ./Core/Src/uart_reading.o
                0x00000000080018fe                isCmdEqualToDec
 .text.cmd_parser_fsm
                0x0000000008001928      0x114 ./Core/Src/uart_reading.o
                0x0000000008001928                cmd_parser_fsm
 .text.uart_control_fsm
                0x0000000008001a3c       0xd4 ./Core/Src/uart_reading.o
                0x0000000008001a3c                uart_control_fsm
 .text.Reset_Handler
                0x0000000008001b10       0x48 ./Core/Startup/startup_stm32f103rbtx.o
                0x0000000008001b10                Reset_Handler
 .text.Default_Handler
                0x0000000008001b58        0x2 ./Core/Startup/startup_stm32f103rbtx.o
                0x0000000008001b58                RTC_Alarm_IRQHandler
                0x0000000008001b58                EXTI2_IRQHandler
                0x0000000008001b58                TIM1_CC_IRQHandler
                0x0000000008001b58                PVD_IRQHandler
                0x0000000008001b58                EXTI3_IRQHandler
                0x0000000008001b58                EXTI0_IRQHandler
                0x0000000008001b58                I2C2_EV_IRQHandler
                0x0000000008001b58                ADC1_2_IRQHandler
                0x0000000008001b58                SPI1_IRQHandler
                0x0000000008001b58                TAMPER_IRQHandler
                0x0000000008001b58                DMA1_Channel4_IRQHandler
                0x0000000008001b58                RTC_IRQHandler
                0x0000000008001b58                DMA1_Channel7_IRQHandler
                0x0000000008001b58                CAN1_RX1_IRQHandler
                0x0000000008001b58                TIM4_IRQHandler
                0x0000000008001b58                I2C1_EV_IRQHandler
                0x0000000008001b58                DMA1_Channel6_IRQHandler
                0x0000000008001b58                TIM3_IRQHandler
                0x0000000008001b58                RCC_IRQHandler
                0x0000000008001b58                TIM1_TRG_COM_IRQHandler
                0x0000000008001b58                DMA1_Channel1_IRQHandler
                0x0000000008001b58                Default_Handler
                0x0000000008001b58                EXTI15_10_IRQHandler
                0x0000000008001b58                EXTI9_5_IRQHandler
                0x0000000008001b58                SPI2_IRQHandler
                0x0000000008001b58                DMA1_Channel5_IRQHandler
                0x0000000008001b58                EXTI4_IRQHandler
                0x0000000008001b58                USB_LP_CAN1_RX0_IRQHandler
                0x0000000008001b58                USB_HP_CAN1_TX_IRQHandler
                0x0000000008001b58                DMA1_Channel3_IRQHandler
                0x0000000008001b58                TIM1_UP_IRQHandler
                0x0000000008001b58                WWDG_IRQHandler
                0x0000000008001b58                TIM1_BRK_IRQHandler
                0x0000000008001b58                EXTI1_IRQHandler
                0x0000000008001b58                USART2_IRQHandler
                0x0000000008001b58                I2C2_ER_IRQHandler
                0x0000000008001b58                DMA1_Channel2_IRQHandler
                0x0000000008001b58                CAN1_SCE_IRQHandler
                0x0000000008001b58                FLASH_IRQHandler
                0x0000000008001b58                USART1_IRQHandler
                0x0000000008001b58                I2C1_ER_IRQHandler
                0x0000000008001b58                USBWakeUp_IRQHandler
 *fill*         0x0000000008001b5a        0x2 
 .text.HAL_Init
                0x0000000008001b5c       0x2c ./Drivers/STM32F1xx_HAL_Driver/Src/stm32f1xx_hal.o
                0x0000000008001b5c                HAL_Init
 .text.HAL_InitTick
                0x0000000008001b88       0x60 ./Drivers/STM32F1xx_HAL_Driver/Src/stm32f1xx_hal.o
                0x0000000008001b88                HAL_InitTick
 .text.HAL_IncTick
                0x0000000008001be8       0x24 ./Drivers/STM32F1xx_HAL_Driver/Src/stm32f1xx_hal.o
                0x0000000008001be8                HAL_IncTick
 .text.HAL_GetTick
                0x0000000008001c0c       0x14 ./Drivers/STM32F1xx_HAL_Driver/Src/stm32f1xx_hal.o
                0x0000000008001c0c                HAL_GetTick
 .text.HAL_Delay
                0x0000000008001c20       0x48 ./Drivers/STM32F1xx_HAL_Driver/Src/stm32f1xx_hal.o
                0x0000000008001c20                HAL_Delay
 .text.__NVIC_SetPriorityGrouping
                0x0000000008001c68       0x48 ./Drivers/STM32F1xx_HAL_Driver/Src/stm32f1xx_hal_cortex.o
 .text.__NVIC_GetPriorityGrouping
                0x0000000008001cb0       0x1c ./Drivers/STM32F1xx_HAL_Driver/Src/stm32f1xx_hal_cortex.o
 .text.__NVIC_EnableIRQ
                0x0000000008001ccc       0x38 ./Drivers/STM32F1xx_HAL_Driver/Src/stm32f1xx_hal_cortex.o
 .text.__NVIC_SetPriority
                0x0000000008001d04       0x54 ./Drivers/STM32F1xx_HAL_Driver/Src/stm32f1xx_hal_cortex.o
 .text.NVIC_EncodePriority
                0x0000000008001d58       0x64 ./Drivers/STM32F1xx_HAL_Driver/Src/stm32f1xx_hal_cortex.o
 .text.SysTick_Config
                0x0000000008001dbc       0x44 ./Drivers/STM32F1xx_HAL_Driver/Src/stm32f1xx_hal_cortex.o
 .text.HAL_NVIC_SetPriorityGrouping
                0x0000000008001e00       0x16 ./Drivers/STM32F1xx_HAL_Driver/Src/stm32f1xx_hal_cortex.o
                0x0000000008001e00                HAL_NVIC_SetPriorityGrouping
 .text.HAL_NVIC_SetPriority
                0x0000000008001e16       0x38 ./Drivers/STM32F1xx_HAL_Driver/Src/stm32f1xx_hal_cortex.o
                0x0000000008001e16                HAL_NVIC_SetPriority
 .text.HAL_NVIC_EnableIRQ
                0x0000000008001e4e       0x1c ./Drivers/STM32F1xx_HAL_Driver/Src/stm32f1xx_hal_cortex.o
                0x0000000008001e4e                HAL_NVIC_EnableIRQ
 .text.HAL_SYSTICK_Config
                0x0000000008001e6a       0x18 ./Drivers/STM32F1xx_HAL_Driver/Src/stm32f1xx_hal_cortex.o
                0x0000000008001e6a                HAL_SYSTICK_Config
 .text.HAL_DMA_Abort
                0x0000000008001e82       0x74 ./Drivers/STM32F1xx_HAL_Driver/Src/stm32f1xx_hal_dma.o
                0x0000000008001e82                HAL_DMA_Abort
 *fill*         0x0000000008001ef6        0x2 
 .text.HAL_DMA_Abort_IT
                0x0000000008001ef8       0xec ./Drivers/STM32F1xx_HAL_Driver/Src/stm32f1xx_hal_dma.o
                0x0000000008001ef8                HAL_DMA_Abort_IT
 .text.HAL_GPIO_Init
                0x0000000008001fe4      0x308 ./Drivers/STM32F1xx_HAL_Driver/Src/stm32f1xx_hal_gpio.o
                0x0000000008001fe4                HAL_GPIO_Init
 .text.HAL_GPIO_WritePin
                0x00000000080022ec       0x30 ./Drivers/STM32F1xx_HAL_Driver/Src/stm32f1xx_hal_gpio.o
                0x00000000080022ec                HAL_GPIO_WritePin
 .text.HAL_GPIO_TogglePin
                0x000000000800231c       0x32 ./Drivers/STM32F1xx_HAL_Driver/Src/stm32f1xx_hal_gpio.o
                0x000000000800231c                HAL_GPIO_TogglePin
 *fill*         0x000000000800234e        0x2 
 .text.HAL_I2C_Init
                0x0000000008002350      0x288 ./Drivers/STM32F1xx_HAL_Driver/Src/stm32f1xx_hal_i2c.o
                0x0000000008002350                HAL_I2C_Init
 .text.HAL_I2C_Master_Transmit
                0x00000000080025d8      0x1fc ./Drivers/STM32F1xx_HAL_Driver/Src/stm32f1xx_hal_i2c.o
                0x00000000080025d8                HAL_I2C_Master_Transmit
 .text.I2C_MasterRequestWrite
                0x00000000080027d4      0x104 ./Drivers/STM32F1xx_HAL_Driver/Src/stm32f1xx_hal_i2c.o
 .text.I2C_WaitOnFlagUntilTimeout
                0x00000000080028d8       0xae ./Drivers/STM32F1xx_HAL_Driver/Src/stm32f1xx_hal_i2c.o
 .text.I2C_WaitOnMasterAddressFlagUntilTimeout
                0x0000000008002986       0xfe ./Drivers/STM32F1xx_HAL_Driver/Src/stm32f1xx_hal_i2c.o
 .text.I2C_WaitOnTXEFlagUntilTimeout
                0x0000000008002a84       0x82 ./Drivers/STM32F1xx_HAL_Driver/Src/stm32f1xx_hal_i2c.o
 .text.I2C_WaitOnBTFFlagUntilTimeout
                0x0000000008002b06       0x82 ./Drivers/STM32F1xx_HAL_Driver/Src/stm32f1xx_hal_i2c.o
 .text.I2C_IsAcknowledgeFailed
                0x0000000008002b88       0x5c ./Drivers/STM32F1xx_HAL_Driver/Src/stm32f1xx_hal_i2c.o
 .text.HAL_RCC_OscConfig
                0x0000000008002be4      0x504 ./Drivers/STM32F1xx_HAL_Driver/Src/stm32f1xx_hal_rcc.o
                0x0000000008002be4                HAL_RCC_OscConfig
 .text.HAL_RCC_ClockConfig
                0x00000000080030e8      0x1d4 ./Drivers/STM32F1xx_HAL_Driver/Src/stm32f1xx_hal_rcc.o
                0x00000000080030e8                HAL_RCC_ClockConfig
 .text.HAL_RCC_GetSysClockFreq
                0x00000000080032bc       0xbc ./Drivers/STM32F1xx_HAL_Driver/Src/stm32f1xx_hal_rcc.o
                0x00000000080032bc                HAL_RCC_GetSysClockFreq
 .text.HAL_RCC_GetHCLKFreq
                0x0000000008003378       0x14 ./Drivers/STM32F1xx_HAL_Driver/Src/stm32f1xx_hal_rcc.o
                0x0000000008003378                HAL_RCC_GetHCLKFreq
 .text.HAL_RCC_GetPCLK1Freq
                0x000000000800338c       0x28 ./Drivers/STM32F1xx_HAL_Driver/Src/stm32f1xx_hal_rcc.o
                0x000000000800338c                HAL_RCC_GetPCLK1Freq
 .text.HAL_RCC_GetPCLK2Freq
                0x00000000080033b4       0x28 ./Drivers/STM32F1xx_HAL_Driver/Src/stm32f1xx_hal_rcc.o
                0x00000000080033b4                HAL_RCC_GetPCLK2Freq
 .text.RCC_Delay
                0x00000000080033dc       0x3c ./Drivers/STM32F1xx_HAL_Driver/Src/stm32f1xx_hal_rcc.o
 .text.HAL_TIM_Base_Init
                0x0000000008003418       0x9e ./Drivers/STM32F1xx_HAL_Driver/Src/stm32f1xx_hal_tim.o
                0x0000000008003418                HAL_TIM_Base_Init
 *fill*         0x00000000080034b6        0x2 
 .text.HAL_TIM_Base_Start_IT
                0x00000000080034b8       0xa4 ./Drivers/STM32F1xx_HAL_Driver/Src/stm32f1xx_hal_tim.o
                0x00000000080034b8                HAL_TIM_Base_Start_IT
 .text.HAL_TIM_IRQHandler
                0x000000000800355c      0x210 ./Drivers/STM32F1xx_HAL_Driver/Src/stm32f1xx_hal_tim.o
                0x000000000800355c                HAL_TIM_IRQHandler
 .text.HAL_TIM_ConfigClockSource
                0x000000000800376c      0x188 ./Drivers/STM32F1xx_HAL_Driver/Src/stm32f1xx_hal_tim.o
                0x000000000800376c                HAL_TIM_ConfigClockSource
 .text.HAL_TIM_OC_DelayElapsedCallback
                0x00000000080038f4       0x12 ./Drivers/STM32F1xx_HAL_Driver/Src/stm32f1xx_hal_tim.o
                0x00000000080038f4                HAL_TIM_OC_DelayElapsedCallback
 .text.HAL_TIM_IC_CaptureCallback
                0x0000000008003906       0x12 ./Drivers/STM32F1xx_HAL_Driver/Src/stm32f1xx_hal_tim.o
                0x0000000008003906                HAL_TIM_IC_CaptureCallback
 .text.HAL_TIM_PWM_PulseFinishedCallback
                0x0000000008003918       0x12 ./Drivers/STM32F1xx_HAL_Driver/Src/stm32f1xx_hal_tim.o
                0x0000000008003918                HAL_TIM_PWM_PulseFinishedCallback
 .text.HAL_TIM_TriggerCallback
                0x000000000800392a       0x12 ./Drivers/STM32F1xx_HAL_Driver/Src/stm32f1xx_hal_tim.o
                0x000000000800392a                HAL_TIM_TriggerCallback
 .text.TIM_Base_SetConfig
                0x000000000800393c       0xc4 ./Drivers/STM32F1xx_HAL_Driver/Src/stm32f1xx_hal_tim.o
                0x000000000800393c                TIM_Base_SetConfig
 .text.TIM_TI1_ConfigInputStage
                0x0000000008003a00       0x5c ./Drivers/STM32F1xx_HAL_Driver/Src/stm32f1xx_hal_tim.o
 .text.TIM_TI2_ConfigInputStage
                0x0000000008003a5c       0x5e ./Drivers/STM32F1xx_HAL_Driver/Src/stm32f1xx_hal_tim.o
 .text.TIM_ITRx_SetConfig
                0x0000000008003aba       0x34 ./Drivers/STM32F1xx_HAL_Driver/Src/stm32f1xx_hal_tim.o
 .text.TIM_ETR_SetConfig
                0x0000000008003aee       0x3e ./Drivers/STM32F1xx_HAL_Driver/Src/stm32f1xx_hal_tim.o
                0x0000000008003aee                TIM_ETR_SetConfig
 .text.HAL_TIMEx_MasterConfigSynchronization
                0x0000000008003b2c       0xbc ./Drivers/STM32F1xx_HAL_Driver/Src/stm32f1xx_hal_tim_ex.o
                0x0000000008003b2c                HAL_TIMEx_MasterConfigSynchronization
 .text.HAL_TIMEx_CommutCallback
                0x0000000008003be8       0x12 ./Drivers/STM32F1xx_HAL_Driver/Src/stm32f1xx_hal_tim_ex.o
                0x0000000008003be8                HAL_TIMEx_CommutCallback
 .text.HAL_TIMEx_BreakCallback
                0x0000000008003bfa       0x12 ./Drivers/STM32F1xx_HAL_Driver/Src/stm32f1xx_hal_tim_ex.o
                0x0000000008003bfa                HAL_TIMEx_BreakCallback
 .text.HAL_UART_Init
                0x0000000008003c0c       0x9a ./Drivers/STM32F1xx_HAL_Driver/Src/stm32f1xx_hal_uart.o
                0x0000000008003c0c                HAL_UART_Init
 .text.HAL_UART_Transmit
                0x0000000008003ca6      0x124 ./Drivers/STM32F1xx_HAL_Driver/Src/stm32f1xx_hal_uart.o
                0x0000000008003ca6                HAL_UART_Transmit
 .text.HAL_UART_Receive_IT
                0x0000000008003dca       0x60 ./Drivers/STM32F1xx_HAL_Driver/Src/stm32f1xx_hal_uart.o
                0x0000000008003dca                HAL_UART_Receive_IT
 *fill*         0x0000000008003e2a        0x2 
 .text.HAL_UART_IRQHandler
                0x0000000008003e2c      0x354 ./Drivers/STM32F1xx_HAL_Driver/Src/stm32f1xx_hal_uart.o
                0x0000000008003e2c                HAL_UART_IRQHandler
 .text.HAL_UART_TxCpltCallback
                0x0000000008004180       0x12 ./Drivers/STM32F1xx_HAL_Driver/Src/stm32f1xx_hal_uart.o
                0x0000000008004180                HAL_UART_TxCpltCallback
 .text.HAL_UART_ErrorCallback
                0x0000000008004192       0x12 ./Drivers/STM32F1xx_HAL_Driver/Src/stm32f1xx_hal_uart.o
                0x0000000008004192                HAL_UART_ErrorCallback
 .text.HAL_UARTEx_RxEventCallback
                0x00000000080041a4       0x16 ./Drivers/STM32F1xx_HAL_Driver/Src/stm32f1xx_hal_uart.o
                0x00000000080041a4                HAL_UARTEx_RxEventCallback
 .text.UART_WaitOnFlagUntilTimeout
                0x00000000080041ba       0x94 ./Drivers/STM32F1xx_HAL_Driver/Src/stm32f1xx_hal_uart.o
 .text.UART_Start_Receive_IT
                0x000000000800424e       0x72 ./Drivers/STM32F1xx_HAL_Driver/Src/stm32f1xx_hal_uart.o
                0x000000000800424e                UART_Start_Receive_IT
 .text.UART_EndRxTransfer
                0x00000000080042c0       0x58 ./Drivers/STM32F1xx_HAL_Driver/Src/stm32f1xx_hal_uart.o
 .text.UART_DMAAbortOnError
                0x0000000008004318       0x28 ./Drivers/STM32F1xx_HAL_Driver/Src/stm32f1xx_hal_uart.o
 .text.UART_Transmit_IT
                0x0000000008004340       0x9e ./Drivers/STM32F1xx_HAL_Driver/Src/stm32f1xx_hal_uart.o
 .text.UART_EndTransmit_IT
                0x00000000080043de       0x30 ./Drivers/STM32F1xx_HAL_Driver/Src/stm32f1xx_hal_uart.o
 .text.UART_Receive_IT
                0x000000000800440e      0x152 ./Drivers/STM32F1xx_HAL_Driver/Src/stm32f1xx_hal_uart.o
 .text.UART_SetConfig
                0x0000000008004560      0x11c ./Drivers/STM32F1xx_HAL_Driver/Src/stm32f1xx_hal_uart.o
 .text.__errno  0x000000000800467c        0xc f:/stm32cubeide_1.11.0/stm32cubeide/plugins/com.st.stm32cube.ide.mcu.externaltools.gnu-tools-for-stm32.10.3-2021.10.win32_1.0.100.202210260954/tools/bin/../lib/gcc/arm-none-eabi/10.3.1/../../../../arm-none-eabi/lib/thumb/v7-m/nofp\libc_nano.a(lib_a-errno.o)
                0x000000000800467c                __errno
 .text.__libc_init_array
                0x0000000008004688       0x48 f:/stm32cubeide_1.11.0/stm32cubeide/plugins/com.st.stm32cube.ide.mcu.externaltools.gnu-tools-for-stm32.10.3-2021.10.win32_1.0.100.202210260954/tools/bin/../lib/gcc/arm-none-eabi/10.3.1/../../../../arm-none-eabi/lib/thumb/v7-m/nofp\libc_nano.a(lib_a-init.o)
                0x0000000008004688                __libc_init_array
 .text.memset   0x00000000080046d0       0x10 f:/stm32cubeide_1.11.0/stm32cubeide/plugins/com.st.stm32cube.ide.mcu.externaltools.gnu-tools-for-stm32.10.3-2021.10.win32_1.0.100.202210260954/tools/bin/../lib/gcc/arm-none-eabi/10.3.1/../../../../arm-none-eabi/lib/thumb/v7-m/nofp\libc_nano.a(lib_a-memset.o)
                0x00000000080046d0                memset
 .text.sprintf  0x00000000080046e0       0x40 f:/stm32cubeide_1.11.0/stm32cubeide/plugins/com.st.stm32cube.ide.mcu.externaltools.gnu-tools-for-stm32.10.3-2021.10.win32_1.0.100.202210260954/tools/bin/../lib/gcc/arm-none-eabi/10.3.1/../../../../arm-none-eabi/lib/thumb/v7-m/nofp\libc_nano.a(lib_a-sprintf.o)
                0x00000000080046e0                siprintf
                0x00000000080046e0                sprintf
 .text.__ssputs_r
                0x0000000008004720       0xb6 f:/stm32cubeide_1.11.0/stm32cubeide/plugins/com.st.stm32cube.ide.mcu.externaltools.gnu-tools-for-stm32.10.3-2021.10.win32_1.0.100.202210260954/tools/bin/../lib/gcc/arm-none-eabi/10.3.1/../../../../arm-none-eabi/lib/thumb/v7-m/nofp\libc_nano.a(lib_a-nano-svfprintf.o)
                0x0000000008004720                __ssputs_r
 *fill*         0x00000000080047d6        0x2 
 .text._svfprintf_r
                0x00000000080047d8      0x200 f:/stm32cubeide_1.11.0/stm32cubeide/plugins/com.st.stm32cube.ide.mcu.externaltools.gnu-tools-for-stm32.10.3-2021.10.win32_1.0.100.202210260954/tools/bin/../lib/gcc/arm-none-eabi/10.3.1/../../../../arm-none-eabi/lib/thumb/v7-m/nofp\libc_nano.a(lib_a-nano-svfprintf.o)
                0x00000000080047d8                _svfiprintf_r
                0x00000000080047d8                _svfprintf_r
 .text._printf_common
                0x00000000080049d8       0xde f:/stm32cubeide_1.11.0/stm32cubeide/plugins/com.st.stm32cube.ide.mcu.externaltools.gnu-tools-for-stm32.10.3-2021.10.win32_1.0.100.202210260954/tools/bin/../lib/gcc/arm-none-eabi/10.3.1/../../../../arm-none-eabi/lib/thumb/v7-m/nofp\libc_nano.a(lib_a-nano-vfprintf_i.o)
                0x00000000080049d8                _printf_common
 *fill*         0x0000000008004ab6        0x2 
 .text._printf_i
                0x0000000008004ab8      0x24c f:/stm32cubeide_1.11.0/stm32cubeide/plugins/com.st.stm32cube.ide.mcu.externaltools.gnu-tools-for-stm32.10.3-2021.10.win32_1.0.100.202210260954/tools/bin/../lib/gcc/arm-none-eabi/10.3.1/../../../../arm-none-eabi/lib/thumb/v7-m/nofp\libc_nano.a(lib_a-nano-vfprintf_i.o)
                0x0000000008004ab8                _printf_i
 .text.memchr   0x0000000008004d04       0x1c f:/stm32cubeide_1.11.0/stm32cubeide/plugins/com.st.stm32cube.ide.mcu.externaltools.gnu-tools-for-stm32.10.3-2021.10.win32_1.0.100.202210260954/tools/bin/../lib/gcc/arm-none-eabi/10.3.1/../../../../arm-none-eabi/lib/thumb/v7-m/nofp\libc_nano.a(lib_a-memchr-stub.o)
                0x0000000008004d04                memchr
 .text.memcpy   0x0000000008004d20       0x1c f:/stm32cubeide_1.11.0/stm32cubeide/plugins/com.st.stm32cube.ide.mcu.externaltools.gnu-tools-for-stm32.10.3-2021.10.win32_1.0.100.202210260954/tools/bin/../lib/gcc/arm-none-eabi/10.3.1/../../../../arm-none-eabi/lib/thumb/v7-m/nofp\libc_nano.a(lib_a-memcpy-stub.o)
                0x0000000008004d20                memcpy
 .text.memmove  0x0000000008004d3c       0x34 f:/stm32cubeide_1.11.0/stm32cubeide/plugins/com.st.stm32cube.ide.mcu.externaltools.gnu-tools-for-stm32.10.3-2021.10.win32_1.0.100.202210260954/tools/bin/../lib/gcc/arm-none-eabi/10.3.1/../../../../arm-none-eabi/lib/thumb/v7-m/nofp\libc_nano.a(lib_a-memmove.o)
                0x0000000008004d3c                memmove
 .text._free_r  0x0000000008004d70       0x90 f:/stm32cubeide_1.11.0/stm32cubeide/plugins/com.st.stm32cube.ide.mcu.externaltools.gnu-tools-for-stm32.10.3-2021.10.win32_1.0.100.202210260954/tools/bin/../lib/gcc/arm-none-eabi/10.3.1/../../../../arm-none-eabi/lib/thumb/v7-m/nofp\libc_nano.a(lib_a-nano-freer.o)
                0x0000000008004d70                _free_r
 .text.sbrk_aligned
                0x0000000008004e00       0x40 f:/stm32cubeide_1.11.0/stm32cubeide/plugins/com.st.stm32cube.ide.mcu.externaltools.gnu-tools-for-stm32.10.3-2021.10.win32_1.0.100.202210260954/tools/bin/../lib/gcc/arm-none-eabi/10.3.1/../../../../arm-none-eabi/lib/thumb/v7-m/nofp\libc_nano.a(lib_a-nano-mallocr.o)
 .text._malloc_r
                0x0000000008004e40       0xe8 f:/stm32cubeide_1.11.0/stm32cubeide/plugins/com.st.stm32cube.ide.mcu.externaltools.gnu-tools-for-stm32.10.3-2021.10.win32_1.0.100.202210260954/tools/bin/../lib/gcc/arm-none-eabi/10.3.1/../../../../arm-none-eabi/lib/thumb/v7-m/nofp\libc_nano.a(lib_a-nano-mallocr.o)
                0x0000000008004e40                _malloc_r
 .text._realloc_r
                0x0000000008004f28       0x5e f:/stm32cubeide_1.11.0/stm32cubeide/plugins/com.st.stm32cube.ide.mcu.externaltools.gnu-tools-for-stm32.10.3-2021.10.win32_1.0.100.202210260954/tools/bin/../lib/gcc/arm-none-eabi/10.3.1/../../../../arm-none-eabi/lib/thumb/v7-m/nofp\libc_nano.a(lib_a-nano-reallocr.o)
                0x0000000008004f28                _realloc_r
 *fill*         0x0000000008004f86        0x2 
 .text._sbrk_r  0x0000000008004f88       0x20 f:/stm32cubeide_1.11.0/stm32cubeide/plugins/com.st.stm32cube.ide.mcu.externaltools.gnu-tools-for-stm32.10.3-2021.10.win32_1.0.100.202210260954/tools/bin/../lib/gcc/arm-none-eabi/10.3.1/../../../../arm-none-eabi/lib/thumb/v7-m/nofp\libc_nano.a(lib_a-sbrkr.o)
                0x0000000008004f88                _sbrk_r
 .text.__malloc_lock
                0x0000000008004fa8        0xc f:/stm32cubeide_1.11.0/stm32cubeide/plugins/com.st.stm32cube.ide.mcu.externaltools.gnu-tools-for-stm32.10.3-2021.10.win32_1.0.100.202210260954/tools/bin/../lib/gcc/arm-none-eabi/10.3.1/../../../../arm-none-eabi/lib/thumb/v7-m/nofp\libc_nano.a(lib_a-mlock.o)
                0x0000000008004fa8                __malloc_lock
 .text.__malloc_unlock
                0x0000000008004fb4        0xc f:/stm32cubeide_1.11.0/stm32cubeide/plugins/com.st.stm32cube.ide.mcu.externaltools.gnu-tools-for-stm32.10.3-2021.10.win32_1.0.100.202210260954/tools/bin/../lib/gcc/arm-none-eabi/10.3.1/../../../../arm-none-eabi/lib/thumb/v7-m/nofp\libc_nano.a(lib_a-mlock.o)
                0x0000000008004fb4                __malloc_unlock
 .text._malloc_usable_size_r
                0x0000000008004fc0       0x10 f:/stm32cubeide_1.11.0/stm32cubeide/plugins/com.st.stm32cube.ide.mcu.externaltools.gnu-tools-for-stm32.10.3-2021.10.win32_1.0.100.202210260954/tools/bin/../lib/gcc/arm-none-eabi/10.3.1/../../../../arm-none-eabi/lib/thumb/v7-m/nofp\libc_nano.a(lib_a-nano-msizer.o)
                0x0000000008004fc0                _malloc_usable_size_r
 .text.__retarget_lock_acquire_recursive
                0x0000000008004fd0        0x2 f:/stm32cubeide_1.11.0/stm32cubeide/plugins/com.st.stm32cube.ide.mcu.externaltools.gnu-tools-for-stm32.10.3-2021.10.win32_1.0.100.202210260954/tools/bin/../lib/gcc/arm-none-eabi/10.3.1/../../../../arm-none-eabi/lib/thumb/v7-m/nofp\libc_nano.a(lib_a-lock.o)
                0x0000000008004fd0                __retarget_lock_acquire_recursive
 .text.__retarget_lock_release_recursive
                0x0000000008004fd2        0x2 f:/stm32cubeide_1.11.0/stm32cubeide/plugins/com.st.stm32cube.ide.mcu.externaltools.gnu-tools-for-stm32.10.3-2021.10.win32_1.0.100.202210260954/tools/bin/../lib/gcc/arm-none-eabi/10.3.1/../../../../arm-none-eabi/lib/thumb/v7-m/nofp\libc_nano.a(lib_a-lock.o)
                0x0000000008004fd2                __retarget_lock_release_recursive
 *(.glue_7)
 .glue_7        0x0000000008004fd4        0x0 linker stubs
 *(.glue_7t)
 .glue_7t       0x0000000008004fd4        0x0 linker stubs
 *(.eh_frame)
 .eh_frame      0x0000000008004fd4        0x0 f:/stm32cubeide_1.11.0/stm32cubeide/plugins/com.st.stm32cube.ide.mcu.externaltools.gnu-tools-for-stm32.10.3-2021.10.win32_1.0.100.202210260954/tools/bin/../lib/gcc/arm-none-eabi/10.3.1/thumb/v7-m/nofp/crtbegin.o
 *(.init)
 .init          0x0000000008004fd4        0x4 f:/stm32cubeide_1.11.0/stm32cubeide/plugins/com.st.stm32cube.ide.mcu.externaltools.gnu-tools-for-stm32.10.3-2021.10.win32_1.0.100.202210260954/tools/bin/../lib/gcc/arm-none-eabi/10.3.1/thumb/v7-m/nofp/crti.o
                0x0000000008004fd4                _init
 .init          0x0000000008004fd8        0x8 f:/stm32cubeide_1.11.0/stm32cubeide/plugins/com.st.stm32cube.ide.mcu.externaltools.gnu-tools-for-stm32.10.3-2021.10.win32_1.0.100.202210260954/tools/bin/../lib/gcc/arm-none-eabi/10.3.1/thumb/v7-m/nofp/crtn.o
 *(.fini)
 .fini          0x0000000008004fe0        0x4 f:/stm32cubeide_1.11.0/stm32cubeide/plugins/com.st.stm32cube.ide.mcu.externaltools.gnu-tools-for-stm32.10.3-2021.10.win32_1.0.100.202210260954/tools/bin/../lib/gcc/arm-none-eabi/10.3.1/thumb/v7-m/nofp/crti.o
                0x0000000008004fe0                _fini
 .fini          0x0000000008004fe4        0x8 f:/stm32cubeide_1.11.0/stm32cubeide/plugins/com.st.stm32cube.ide.mcu.externaltools.gnu-tools-for-stm32.10.3-2021.10.win32_1.0.100.202210260954/tools/bin/../lib/gcc/arm-none-eabi/10.3.1/thumb/v7-m/nofp/crtn.o
                0x0000000008004fec                . = ALIGN (0x4)
                0x0000000008004fec                _etext = .

.vfp11_veneer   0x0000000008004fec        0x0
 .vfp11_veneer  0x0000000008004fec        0x0 linker stubs

.v4_bx          0x0000000008004fec        0x0
 .v4_bx         0x0000000008004fec        0x0 linker stubs

.iplt           0x0000000008004fec        0x0
 .iplt          0x0000000008004fec        0x0 f:/stm32cubeide_1.11.0/stm32cubeide/plugins/com.st.stm32cube.ide.mcu.externaltools.gnu-tools-for-stm32.10.3-2021.10.win32_1.0.100.202210260954/tools/bin/../lib/gcc/arm-none-eabi/10.3.1/thumb/v7-m/nofp/crtbegin.o

.rodata         0x0000000008004fec      0x108
                0x0000000008004fec                . = ALIGN (0x4)
 *(.rodata)
 .rodata        0x0000000008004fec       0xac ./Core/Src/app_i2c_lcd.o
 .rodata        0x0000000008005098       0x10 ./Drivers/STM32F1xx_HAL_Driver/Src/stm32f1xx_hal_rcc.o
 *(.rodata*)
 .rodata.AHBPrescTable
                0x00000000080050a8       0x10 ./Core/Src/system_stm32f1xx.o
                0x00000000080050a8                AHBPrescTable
 .rodata.APBPrescTable
                0x00000000080050b8        0x8 ./Core/Src/system_stm32f1xx.o
                0x00000000080050b8                APBPrescTable
 .rodata._svfprintf_r.str1.1
                0x00000000080050c0       0x11 f:/stm32cubeide_1.11.0/stm32cubeide/plugins/com.st.stm32cube.ide.mcu.externaltools.gnu-tools-for-stm32.10.3-2021.10.win32_1.0.100.202210260954/tools/bin/../lib/gcc/arm-none-eabi/10.3.1/../../../../arm-none-eabi/lib/thumb/v7-m/nofp\libc_nano.a(lib_a-nano-svfprintf.o)
 .rodata._printf_i.str1.1
                0x00000000080050d1       0x22 f:/stm32cubeide_1.11.0/stm32cubeide/plugins/com.st.stm32cube.ide.mcu.externaltools.gnu-tools-for-stm32.10.3-2021.10.win32_1.0.100.202210260954/tools/bin/../lib/gcc/arm-none-eabi/10.3.1/../../../../arm-none-eabi/lib/thumb/v7-m/nofp\libc_nano.a(lib_a-nano-vfprintf_i.o)
                0x00000000080050f4                . = ALIGN (0x4)
 *fill*         0x00000000080050f3        0x1 

.rel.dyn        0x00000000080050f4        0x0
 .rel.iplt      0x00000000080050f4        0x0 f:/stm32cubeide_1.11.0/stm32cubeide/plugins/com.st.stm32cube.ide.mcu.externaltools.gnu-tools-for-stm32.10.3-2021.10.win32_1.0.100.202210260954/tools/bin/../lib/gcc/arm-none-eabi/10.3.1/thumb/v7-m/nofp/crtbegin.o

.ARM.extab      0x00000000080050f4        0x0
                0x00000000080050f4                . = ALIGN (0x4)
 *(.ARM.extab* .gnu.linkonce.armextab.*)
                0x00000000080050f4                . = ALIGN (0x4)

.ARM            0x00000000080050f4        0x0
                0x00000000080050f4                . = ALIGN (0x4)
                0x00000000080050f4                __exidx_start = .
 *(.ARM.exidx*)
                0x00000000080050f4                __exidx_end = .
                0x00000000080050f4                . = ALIGN (0x4)

.preinit_array  0x00000000080050f4        0x0
                0x00000000080050f4                . = ALIGN (0x4)
                0x00000000080050f4                PROVIDE (__preinit_array_start = .)
 *(.preinit_array*)
                0x00000000080050f4                PROVIDE (__preinit_array_end = .)
                0x00000000080050f4                . = ALIGN (0x4)

.init_array     0x00000000080050f4        0x4
                0x00000000080050f4                . = ALIGN (0x4)
                0x00000000080050f4                PROVIDE (__init_array_start = .)
 *(SORT_BY_NAME(.init_array.*))
 *(.init_array*)
 .init_array    0x00000000080050f4        0x4 f:/stm32cubeide_1.11.0/stm32cubeide/plugins/com.st.stm32cube.ide.mcu.externaltools.gnu-tools-for-stm32.10.3-2021.10.win32_1.0.100.202210260954/tools/bin/../lib/gcc/arm-none-eabi/10.3.1/thumb/v7-m/nofp/crtbegin.o
                0x00000000080050f8                PROVIDE (__init_array_end = .)
                0x00000000080050f8                . = ALIGN (0x4)

.fini_array     0x00000000080050f8        0x4
                0x00000000080050f8                . = ALIGN (0x4)
                [!provide]                        PROVIDE (__fini_array_start = .)
 *(SORT_BY_NAME(.fini_array.*))
 *(.fini_array*)
 .fini_array    0x00000000080050f8        0x4 f:/stm32cubeide_1.11.0/stm32cubeide/plugins/com.st.stm32cube.ide.mcu.externaltools.gnu-tools-for-stm32.10.3-2021.10.win32_1.0.100.202210260954/tools/bin/../lib/gcc/arm-none-eabi/10.3.1/thumb/v7-m/nofp/crtbegin.o
                [!provide]                        PROVIDE (__fini_array_end = .)
                0x00000000080050fc                . = ALIGN (0x4)
                0x00000000080050fc                _sidata = LOADADDR (.data)

.data           0x0000000020000000       0x8c load address 0x00000000080050fc
                0x0000000020000000                . = ALIGN (0x4)
                0x0000000020000000                _sdata = .
 *(.data)
 *(.data*)
 .data.data     0x0000000020000000       0x18 ./Core/Src/led_pannel.o
                0x0000000020000000                data
 .data.SystemCoreClock
                0x0000000020000018        0x4 ./Core/Src/system_stm32f1xx.o
                0x0000000020000018                SystemCoreClock
 .data.status1  0x000000002000001c        0x1 ./Core/Src/uart_reading.o
                0x000000002000001c                status1
 .data.cmd_flag
                0x000000002000001d        0x1 ./Core/Src/uart_reading.o
                0x000000002000001d                cmd_flag
 *fill*         0x000000002000001e        0x2 
 .data.uwTickPrio
                0x0000000020000020        0x4 ./Drivers/STM32F1xx_HAL_Driver/Src/stm32f1xx_hal.o
                0x0000000020000020                uwTickPrio
 .data.uwTickFreq
                0x0000000020000024        0x1 ./Drivers/STM32F1xx_HAL_Driver/Src/stm32f1xx_hal.o
                0x0000000020000024                uwTickFreq
 *fill*         0x0000000020000025        0x3 
 .data._impure_ptr
                0x0000000020000028        0x4 f:/stm32cubeide_1.11.0/stm32cubeide/plugins/com.st.stm32cube.ide.mcu.externaltools.gnu-tools-for-stm32.10.3-2021.10.win32_1.0.100.202210260954/tools/bin/../lib/gcc/arm-none-eabi/10.3.1/../../../../arm-none-eabi/lib/thumb/v7-m/nofp\libc_nano.a(lib_a-impure.o)
                0x0000000020000028                _impure_ptr
 .data.impure_data
                0x000000002000002c       0x60 f:/stm32cubeide_1.11.0/stm32cubeide/plugins/com.st.stm32cube.ide.mcu.externaltools.gnu-tools-for-stm32.10.3-2021.10.win32_1.0.100.202210260954/tools/bin/../lib/gcc/arm-none-eabi/10.3.1/../../../../arm-none-eabi/lib/thumb/v7-m/nofp\libc_nano.a(lib_a-impure.o)
 *(.RamFunc)
 *(.RamFunc*)
                0x000000002000008c                . = ALIGN (0x4)
                0x000000002000008c                _edata = .

.igot.plt       0x000000002000008c        0x0 load address 0x0000000008005188
 .igot.plt      0x000000002000008c        0x0 f:/stm32cubeide_1.11.0/stm32cubeide/plugins/com.st.stm32cube.ide.mcu.externaltools.gnu-tools-for-stm32.10.3-2021.10.win32_1.0.100.202210260954/tools/bin/../lib/gcc/arm-none-eabi/10.3.1/thumb/v7-m/nofp/crtbegin.o
                0x000000002000008c                . = ALIGN (0x4)

.bss            0x000000002000008c      0x1ec load address 0x0000000008005188
                0x000000002000008c                _sbss = .
                0x000000002000008c                __bss_start__ = _sbss
 *(.bss)
 .bss           0x000000002000008c       0x1c f:/stm32cubeide_1.11.0/stm32cubeide/plugins/com.st.stm32cube.ide.mcu.externaltools.gnu-tools-for-stm32.10.3-2021.10.win32_1.0.100.202210260954/tools/bin/../lib/gcc/arm-none-eabi/10.3.1/thumb/v7-m/nofp/crtbegin.o
 *(.bss*)
 .bss._displayfunction
                0x00000000200000a8        0x1 ./Core/Src/app_i2c_lcd.o
                0x00000000200000a8                _displayfunction
 .bss._displaycontrol
                0x00000000200000a9        0x1 ./Core/Src/app_i2c_lcd.o
                0x00000000200000a9                _displaycontrol
 .bss._displaymode
                0x00000000200000aa        0x1 ./Core/Src/app_i2c_lcd.o
                0x00000000200000aa                _displaymode
 .bss._numlines
                0x00000000200000ab        0x1 ./Core/Src/app_i2c_lcd.o
                0x00000000200000ab                _numlines
 .bss._row_offsets
                0x00000000200000ac        0x4 ./Core/Src/app_i2c_lcd.o
                0x00000000200000ac                _row_offsets
 .bss._i2caddr  0x00000000200000b0        0x1 ./Core/Src/app_i2c_lcd.o
                0x00000000200000b0                _i2caddr
 .bss._backlight
                0x00000000200000b1        0x1 ./Core/Src/app_i2c_lcd.o
                0x00000000200000b1                _backlight
 *fill*         0x00000000200000b2        0x2 
 .bss.num_buffer
                0x00000000200000b4        0x8 ./Core/Src/fsm.o
                0x00000000200000b4                num_buffer
 .bss.state_buffer
                0x00000000200000bc        0x8 ./Core/Src/fsm.o
                0x00000000200000bc                state_buffer
 .bss.mode_buffer
                0x00000000200000c4        0x4 ./Core/Src/fsm.o
                0x00000000200000c4                mode_buffer
 .bss.time_buffer
                0x00000000200000c8        0x4 ./Core/Src/fsm.o
                0x00000000200000c8                time_buffer
 .bss.mode      0x00000000200000cc        0x4 ./Core/Src/global.o
                0x00000000200000cc                mode
 .bss.statusAUTO
                0x00000000200000d0        0x4 ./Core/Src/global.o
                0x00000000200000d0                statusAUTO
 .bss.statusMODE2
                0x00000000200000d4        0x4 ./Core/Src/global.o
                0x00000000200000d4                statusMODE2
 .bss.statusMODE3
                0x00000000200000d8        0x4 ./Core/Src/global.o
                0x00000000200000d8                statusMODE3
 .bss.AUTO_RED  0x00000000200000dc        0x4 ./Core/Src/global.o
                0x00000000200000dc                AUTO_RED
 .bss.AUTO_GREEN
                0x00000000200000e0        0x4 ./Core/Src/global.o
                0x00000000200000e0                AUTO_GREEN
 .bss.AUTO_YELLOW
                0x00000000200000e4        0x4 ./Core/Src/global.o
                0x00000000200000e4                AUTO_YELLOW
 .bss.counterRed
                0x00000000200000e8        0x4 ./Core/Src/global.o
                0x00000000200000e8                counterRed
 .bss.counterGreen
                0x00000000200000ec        0x4 ./Core/Src/global.o
                0x00000000200000ec                counterGreen
 .bss.counterYellow
                0x00000000200000f0        0x4 ./Core/Src/global.o
                0x00000000200000f0                counterYellow
 .bss.hi2c1     0x00000000200000f4       0x54 ./Core/Src/main.o
                0x00000000200000f4                hi2c1
 .bss.htim2     0x0000000020000148       0x48 ./Core/Src/main.o
                0x0000000020000148                htim2
 .bss.huart3    0x0000000020000190       0x44 ./Core/Src/main.o
                0x0000000020000190                huart3
 .bss.timer1_counter
                0x00000000200001d4        0x4 ./Core/Src/software_timer.o
                0x00000000200001d4                timer1_counter
 .bss.timer1_flag
                0x00000000200001d8        0x4 ./Core/Src/software_timer.o
                0x00000000200001d8                timer1_flag
 .bss.timer2_counter
                0x00000000200001dc        0x4 ./Core/Src/software_timer.o
                0x00000000200001dc                timer2_counter
 .bss.timer2_flag
                0x00000000200001e0        0x4 ./Core/Src/software_timer.o
                0x00000000200001e0                timer2_flag
 .bss.timer3_counter
                0x00000000200001e4        0x4 ./Core/Src/software_timer.o
                0x00000000200001e4                timer3_counter
 .bss.timer3_flag
                0x00000000200001e8        0x4 ./Core/Src/software_timer.o
                0x00000000200001e8                timer3_flag
 .bss.timer4_counter
                0x00000000200001ec        0x4 ./Core/Src/software_timer.o
                0x00000000200001ec                timer4_counter
 .bss.timer4_flag
                0x00000000200001f0        0x4 ./Core/Src/software_timer.o
                0x00000000200001f0                timer4_flag
 .bss.timer5_counter
                0x00000000200001f4        0x4 ./Core/Src/software_timer.o
                0x00000000200001f4                timer5_counter
 .bss.timer5_flag
                0x00000000200001f8        0x4 ./Core/Src/software_timer.o
                0x00000000200001f8                timer5_flag
 .bss.timer6_counter
                0x00000000200001fc        0x4 ./Core/Src/software_timer.o
                0x00000000200001fc                timer6_counter
 .bss.timer6_flag
                0x0000000020000200        0x4 ./Core/Src/software_timer.o
                0x0000000020000200                timer6_flag
 .bss.timer7_counter
                0x0000000020000204        0x4 ./Core/Src/software_timer.o
                0x0000000020000204                timer7_counter
 .bss.timer7_flag
                0x0000000020000208        0x4 ./Core/Src/software_timer.o
                0x0000000020000208                timer7_flag
 .bss.timer8_counter
                0x000000002000020c        0x4 ./Core/Src/software_timer.o
                0x000000002000020c                timer8_counter
 .bss.timer8_flag
                0x0000000020000210        0x4 ./Core/Src/software_timer.o
                0x0000000020000210                timer8_flag
 .bss.timer9_counter
                0x0000000020000214        0x4 ./Core/Src/software_timer.o
                0x0000000020000214                timer9_counter
 .bss.timer9_flag
                0x0000000020000218        0x4 ./Core/Src/software_timer.o
                0x0000000020000218                timer9_flag
 .bss.timer10_counter
                0x000000002000021c        0x4 ./Core/Src/software_timer.o
                0x000000002000021c                timer10_counter
 .bss.timer10_flag
                0x0000000020000220        0x4 ./Core/Src/software_timer.o
                0x0000000020000220                timer10_flag
 .bss.__sbrk_heap_end
                0x0000000020000224        0x4 ./Core/Src/sysmem.o
 .bss.buffer_byte
                0x0000000020000228        0x1 ./Core/Src/uart_reading.o
                0x0000000020000228                buffer_byte
 *fill*         0x0000000020000229        0x3 
 .bss.buffer    0x000000002000022c       0x32 ./Core/Src/uart_reading.o
                0x000000002000022c                buffer
 .bss.index_buffer
                0x000000002000025e        0x1 ./Core/Src/uart_reading.o
                0x000000002000025e                index_buffer
 .bss.buffer_flag
                0x000000002000025f        0x1 ./Core/Src/uart_reading.o
                0x000000002000025f                buffer_flag
 .bss.cmd_data  0x0000000020000260        0x3 ./Core/Src/uart_reading.o
                0x0000000020000260                cmd_data
 .bss.cmd_index
                0x0000000020000263        0x1 ./Core/Src/uart_reading.o
                0x0000000020000263                cmd_index
 .bss.uwTick    0x0000000020000264        0x4 ./Drivers/STM32F1xx_HAL_Driver/Src/stm32f1xx_hal.o
                0x0000000020000264                uwTick
 .bss.__malloc_free_list
                0x0000000020000268        0x4 f:/stm32cubeide_1.11.0/stm32cubeide/plugins/com.st.stm32cube.ide.mcu.externaltools.gnu-tools-for-stm32.10.3-2021.10.win32_1.0.100.202210260954/tools/bin/../lib/gcc/arm-none-eabi/10.3.1/../../../../arm-none-eabi/lib/thumb/v7-m/nofp\libc_nano.a(lib_a-nano-mallocr.o)
                0x0000000020000268                __malloc_free_list
 .bss.__malloc_sbrk_start
                0x000000002000026c        0x4 f:/stm32cubeide_1.11.0/stm32cubeide/plugins/com.st.stm32cube.ide.mcu.externaltools.gnu-tools-for-stm32.10.3-2021.10.win32_1.0.100.202210260954/tools/bin/../lib/gcc/arm-none-eabi/10.3.1/../../../../arm-none-eabi/lib/thumb/v7-m/nofp\libc_nano.a(lib_a-nano-mallocr.o)
                0x000000002000026c                __malloc_sbrk_start
 .bss.errno     0x0000000020000270        0x4 f:/stm32cubeide_1.11.0/stm32cubeide/plugins/com.st.stm32cube.ide.mcu.externaltools.gnu-tools-for-stm32.10.3-2021.10.win32_1.0.100.202210260954/tools/bin/../lib/gcc/arm-none-eabi/10.3.1/../../../../arm-none-eabi/lib/thumb/v7-m/nofp\libc_nano.a(lib_a-reent.o)
                0x0000000020000270                errno
 .bss.__lock___malloc_recursive_mutex
                0x0000000020000274        0x1 f:/stm32cubeide_1.11.0/stm32cubeide/plugins/com.st.stm32cube.ide.mcu.externaltools.gnu-tools-for-stm32.10.3-2021.10.win32_1.0.100.202210260954/tools/bin/../lib/gcc/arm-none-eabi/10.3.1/../../../../arm-none-eabi/lib/thumb/v7-m/nofp\libc_nano.a(lib_a-lock.o)
                0x0000000020000274                __lock___malloc_recursive_mutex
 *(COMMON)
                0x0000000020000278                . = ALIGN (0x4)
 *fill*         0x0000000020000275        0x3 
                0x0000000020000278                _ebss = .
                0x0000000020000278                __bss_end__ = _ebss

._user_heap_stack
                0x0000000020000278      0x600 load address 0x0000000008005188
                0x0000000020000278                . = ALIGN (0x8)
                [!provide]                        PROVIDE (end = .)
                0x0000000020000278                PROVIDE (_end = .)
                0x0000000020000478                . = (. + _Min_Heap_Size)
 *fill*         0x0000000020000278      0x200 
                0x0000000020000878                . = (. + _Min_Stack_Size)
 *fill*         0x0000000020000478      0x400 
                0x0000000020000878                . = ALIGN (0x8)

/DISCARD/
 libc.a(*)
 libm.a(*)
 libgcc.a(*)

.ARM.attributes
                0x0000000000000000       0x29
 *(.ARM.attributes)
 .ARM.attributes
                0x0000000000000000       0x1d f:/stm32cubeide_1.11.0/stm32cubeide/plugins/com.st.stm32cube.ide.mcu.externaltools.gnu-tools-for-stm32.10.3-2021.10.win32_1.0.100.202210260954/tools/bin/../lib/gcc/arm-none-eabi/10.3.1/thumb/v7-m/nofp/crti.o
 .ARM.attributes
                0x000000000000001d       0x2d f:/stm32cubeide_1.11.0/stm32cubeide/plugins/com.st.stm32cube.ide.mcu.externaltools.gnu-tools-for-stm32.10.3-2021.10.win32_1.0.100.202210260954/tools/bin/../lib/gcc/arm-none-eabi/10.3.1/thumb/v7-m/nofp/crtbegin.o
 .ARM.attributes
                0x000000000000004a       0x2d ./Core/Src/app_i2c_lcd.o
 .ARM.attributes
                0x0000000000000077       0x2d ./Core/Src/fsm.o
 .ARM.attributes
                0x00000000000000a4       0x2d ./Core/Src/global.o
 .ARM.attributes
                0x00000000000000d1       0x2d ./Core/Src/led_pannel.o
 .ARM.attributes
                0x00000000000000fe       0x2d ./Core/Src/main.o
 .ARM.attributes
                0x000000000000012b       0x2d ./Core/Src/software_timer.o
 .ARM.attributes
                0x0000000000000158       0x2d ./Core/Src/stm32f1xx_hal_msp.o
 .ARM.attributes
                0x0000000000000185       0x2d ./Core/Src/stm32f1xx_it.o
 .ARM.attributes
                0x00000000000001b2       0x2d ./Core/Src/sysmem.o
 .ARM.attributes
                0x00000000000001df       0x2d ./Core/Src/system_stm32f1xx.o
 .ARM.attributes
                0x000000000000020c       0x2d ./Core/Src/uart_reading.o
 .ARM.attributes
                0x0000000000000239       0x21 ./Core/Startup/startup_stm32f103rbtx.o
 .ARM.attributes
                0x000000000000025a       0x2d ./Drivers/STM32F1xx_HAL_Driver/Src/stm32f1xx_hal.o
 .ARM.attributes
                0x0000000000000287       0x2d ./Drivers/STM32F1xx_HAL_Driver/Src/stm32f1xx_hal_cortex.o
 .ARM.attributes
                0x00000000000002b4       0x2d ./Drivers/STM32F1xx_HAL_Driver/Src/stm32f1xx_hal_dma.o
 .ARM.attributes
                0x00000000000002e1       0x2d ./Drivers/STM32F1xx_HAL_Driver/Src/stm32f1xx_hal_gpio.o
 .ARM.attributes
                0x000000000000030e       0x2d ./Drivers/STM32F1xx_HAL_Driver/Src/stm32f1xx_hal_i2c.o
 .ARM.attributes
                0x000000000000033b       0x2d ./Drivers/STM32F1xx_HAL_Driver/Src/stm32f1xx_hal_rcc.o
 .ARM.attributes
                0x0000000000000368       0x2d ./Drivers/STM32F1xx_HAL_Driver/Src/stm32f1xx_hal_tim.o
 .ARM.attributes
                0x0000000000000395       0x2d ./Drivers/STM32F1xx_HAL_Driver/Src/stm32f1xx_hal_tim_ex.o
 .ARM.attributes
                0x00000000000003c2       0x2d ./Drivers/STM32F1xx_HAL_Driver/Src/stm32f1xx_hal_uart.o
 .ARM.attributes
                0x00000000000003ef       0x2d f:/stm32cubeide_1.11.0/stm32cubeide/plugins/com.st.stm32cube.ide.mcu.externaltools.gnu-tools-for-stm32.10.3-2021.10.win32_1.0.100.202210260954/tools/bin/../lib/gcc/arm-none-eabi/10.3.1/../../../../arm-none-eabi/lib/thumb/v7-m/nofp\libc_nano.a(lib_a-errno.o)
 .ARM.attributes
                0x000000000000041c       0x2d f:/stm32cubeide_1.11.0/stm32cubeide/plugins/com.st.stm32cube.ide.mcu.externaltools.gnu-tools-for-stm32.10.3-2021.10.win32_1.0.100.202210260954/tools/bin/../lib/gcc/arm-none-eabi/10.3.1/../../../../arm-none-eabi/lib/thumb/v7-m/nofp\libc_nano.a(lib_a-impure.o)
 .ARM.attributes
                0x0000000000000449       0x2d f:/stm32cubeide_1.11.0/stm32cubeide/plugins/com.st.stm32cube.ide.mcu.externaltools.gnu-tools-for-stm32.10.3-2021.10.win32_1.0.100.202210260954/tools/bin/../lib/gcc/arm-none-eabi/10.3.1/../../../../arm-none-eabi/lib/thumb/v7-m/nofp\libc_nano.a(lib_a-init.o)
 .ARM.attributes
                0x0000000000000476       0x2d f:/stm32cubeide_1.11.0/stm32cubeide/plugins/com.st.stm32cube.ide.mcu.externaltools.gnu-tools-for-stm32.10.3-2021.10.win32_1.0.100.202210260954/tools/bin/../lib/gcc/arm-none-eabi/10.3.1/../../../../arm-none-eabi/lib/thumb/v7-m/nofp\libc_nano.a(lib_a-memset.o)
 .ARM.attributes
                0x00000000000004a3       0x2d f:/stm32cubeide_1.11.0/stm32cubeide/plugins/com.st.stm32cube.ide.mcu.externaltools.gnu-tools-for-stm32.10.3-2021.10.win32_1.0.100.202210260954/tools/bin/../lib/gcc/arm-none-eabi/10.3.1/../../../../arm-none-eabi/lib/thumb/v7-m/nofp\libc_nano.a(lib_a-sprintf.o)
 .ARM.attributes
                0x00000000000004d0       0x2d f:/stm32cubeide_1.11.0/stm32cubeide/plugins/com.st.stm32cube.ide.mcu.externaltools.gnu-tools-for-stm32.10.3-2021.10.win32_1.0.100.202210260954/tools/bin/../lib/gcc/arm-none-eabi/10.3.1/../../../../arm-none-eabi/lib/thumb/v7-m/nofp\libc_nano.a(lib_a-nano-svfprintf.o)
 .ARM.attributes
                0x00000000000004fd       0x2d f:/stm32cubeide_1.11.0/stm32cubeide/plugins/com.st.stm32cube.ide.mcu.externaltools.gnu-tools-for-stm32.10.3-2021.10.win32_1.0.100.202210260954/tools/bin/../lib/gcc/arm-none-eabi/10.3.1/../../../../arm-none-eabi/lib/thumb/v7-m/nofp\libc_nano.a(lib_a-nano-vfprintf_i.o)
 .ARM.attributes
                0x000000000000052a       0x2d f:/stm32cubeide_1.11.0/stm32cubeide/plugins/com.st.stm32cube.ide.mcu.externaltools.gnu-tools-for-stm32.10.3-2021.10.win32_1.0.100.202210260954/tools/bin/../lib/gcc/arm-none-eabi/10.3.1/../../../../arm-none-eabi/lib/thumb/v7-m/nofp\libc_nano.a(lib_a-memchr-stub.o)
 .ARM.attributes
                0x0000000000000557       0x2d f:/stm32cubeide_1.11.0/stm32cubeide/plugins/com.st.stm32cube.ide.mcu.externaltools.gnu-tools-for-stm32.10.3-2021.10.win32_1.0.100.202210260954/tools/bin/../lib/gcc/arm-none-eabi/10.3.1/../../../../arm-none-eabi/lib/thumb/v7-m/nofp\libc_nano.a(lib_a-memcpy-stub.o)
 .ARM.attributes
                0x0000000000000584       0x2d f:/stm32cubeide_1.11.0/stm32cubeide/plugins/com.st.stm32cube.ide.mcu.externaltools.gnu-tools-for-stm32.10.3-2021.10.win32_1.0.100.202210260954/tools/bin/../lib/gcc/arm-none-eabi/10.3.1/../../../../arm-none-eabi/lib/thumb/v7-m/nofp\libc_nano.a(lib_a-memmove.o)
 .ARM.attributes
                0x00000000000005b1       0x2d f:/stm32cubeide_1.11.0/stm32cubeide/plugins/com.st.stm32cube.ide.mcu.externaltools.gnu-tools-for-stm32.10.3-2021.10.win32_1.0.100.202210260954/tools/bin/../lib/gcc/arm-none-eabi/10.3.1/../../../../arm-none-eabi/lib/thumb/v7-m/nofp\libc_nano.a(lib_a-nano-freer.o)
 .ARM.attributes
                0x00000000000005de       0x2d f:/stm32cubeide_1.11.0/stm32cubeide/plugins/com.st.stm32cube.ide.mcu.externaltools.gnu-tools-for-stm32.10.3-2021.10.win32_1.0.100.202210260954/tools/bin/../lib/gcc/arm-none-eabi/10.3.1/../../../../arm-none-eabi/lib/thumb/v7-m/nofp\libc_nano.a(lib_a-nano-mallocr.o)
 .ARM.attributes
                0x000000000000060b       0x2d f:/stm32cubeide_1.11.0/stm32cubeide/plugins/com.st.stm32cube.ide.mcu.externaltools.gnu-tools-for-stm32.10.3-2021.10.win32_1.0.100.202210260954/tools/bin/../lib/gcc/arm-none-eabi/10.3.1/../../../../arm-none-eabi/lib/thumb/v7-m/nofp\libc_nano.a(lib_a-nano-reallocr.o)
 .ARM.attributes
                0x0000000000000638       0x2d f:/stm32cubeide_1.11.0/stm32cubeide/plugins/com.st.stm32cube.ide.mcu.externaltools.gnu-tools-for-stm32.10.3-2021.10.win32_1.0.100.202210260954/tools/bin/../lib/gcc/arm-none-eabi/10.3.1/../../../../arm-none-eabi/lib/thumb/v7-m/nofp\libc_nano.a(lib_a-sbrkr.o)
 .ARM.attributes
                0x0000000000000665       0x2d f:/stm32cubeide_1.11.0/stm32cubeide/plugins/com.st.stm32cube.ide.mcu.externaltools.gnu-tools-for-stm32.10.3-2021.10.win32_1.0.100.202210260954/tools/bin/../lib/gcc/arm-none-eabi/10.3.1/../../../../arm-none-eabi/lib/thumb/v7-m/nofp\libc_nano.a(lib_a-mlock.o)
 .ARM.attributes
                0x0000000000000692       0x2d f:/stm32cubeide_1.11.0/stm32cubeide/plugins/com.st.stm32cube.ide.mcu.externaltools.gnu-tools-for-stm32.10.3-2021.10.win32_1.0.100.202210260954/tools/bin/../lib/gcc/arm-none-eabi/10.3.1/../../../../arm-none-eabi/lib/thumb/v7-m/nofp\libc_nano.a(lib_a-nano-msizer.o)
 .ARM.attributes
                0x00000000000006bf       0x2d f:/stm32cubeide_1.11.0/stm32cubeide/plugins/com.st.stm32cube.ide.mcu.externaltools.gnu-tools-for-stm32.10.3-2021.10.win32_1.0.100.202210260954/tools/bin/../lib/gcc/arm-none-eabi/10.3.1/../../../../arm-none-eabi/lib/thumb/v7-m/nofp\libc_nano.a(lib_a-reent.o)
 .ARM.attributes
                0x00000000000006ec       0x2d f:/stm32cubeide_1.11.0/stm32cubeide/plugins/com.st.stm32cube.ide.mcu.externaltools.gnu-tools-for-stm32.10.3-2021.10.win32_1.0.100.202210260954/tools/bin/../lib/gcc/arm-none-eabi/10.3.1/../../../../arm-none-eabi/lib/thumb/v7-m/nofp\libc_nano.a(lib_a-lock.o)
 .ARM.attributes
                0x0000000000000719       0x1d f:/stm32cubeide_1.11.0/stm32cubeide/plugins/com.st.stm32cube.ide.mcu.externaltools.gnu-tools-for-stm32.10.3-2021.10.win32_1.0.100.202210260954/tools/bin/../lib/gcc/arm-none-eabi/10.3.1/thumb/v7-m/nofp/crtn.o
OUTPUT(STM32F103RBT6.elf elf32-littlearm)
LOAD linker stubs
LOAD f:/stm32cubeide_1.11.0/stm32cubeide/plugins/com.st.stm32cube.ide.mcu.externaltools.gnu-tools-for-stm32.10.3-2021.10.win32_1.0.100.202210260954/tools/bin/../lib/gcc/arm-none-eabi/10.3.1/../../../../arm-none-eabi/lib/thumb/v7-m/nofp\libc.a
LOAD f:/stm32cubeide_1.11.0/stm32cubeide/plugins/com.st.stm32cube.ide.mcu.externaltools.gnu-tools-for-stm32.10.3-2021.10.win32_1.0.100.202210260954/tools/bin/../lib/gcc/arm-none-eabi/10.3.1/../../../../arm-none-eabi/lib/thumb/v7-m/nofp\libm.a
LOAD f:/stm32cubeide_1.11.0/stm32cubeide/plugins/com.st.stm32cube.ide.mcu.externaltools.gnu-tools-for-stm32.10.3-2021.10.win32_1.0.100.202210260954/tools/bin/../lib/gcc/arm-none-eabi/10.3.1/thumb/v7-m/nofp\libgcc.a

.debug_info     0x0000000000000000     0xf27e
 .debug_info    0x0000000000000000      0xd33 ./Core/Src/app_i2c_lcd.o
 .debug_info    0x0000000000000d33      0x3da ./Core/Src/fsm.o
 .debug_info    0x000000000000110d      0x1b4 ./Core/Src/global.o
 .debug_info    0x00000000000012c1      0x3e7 ./Core/Src/led_pannel.o
 .debug_info    0x00000000000016a8     0x12c6 ./Core/Src/main.o
 .debug_info    0x000000000000296e      0x373 ./Core/Src/software_timer.o
 .debug_info    0x0000000000002ce1     0x10bf ./Core/Src/stm32f1xx_hal_msp.o
 .debug_info    0x0000000000003da0      0x989 ./Core/Src/stm32f1xx_it.o
 .debug_info    0x0000000000004729      0x171 ./Core/Src/sysmem.o
 .debug_info    0x000000000000489a      0x23d ./Core/Src/system_stm32f1xx.o
 .debug_info    0x0000000000004ad7      0x380 ./Core/Src/uart_reading.o
 .debug_info    0x0000000000004e57       0x22 ./Core/Startup/startup_stm32f103rbtx.o
 .debug_info    0x0000000000004e79      0x734 ./Drivers/STM32F1xx_HAL_Driver/Src/stm32f1xx_hal.o
 .debug_info    0x00000000000055ad      0xb20 ./Drivers/STM32F1xx_HAL_Driver/Src/stm32f1xx_hal_cortex.o
 .debug_info    0x00000000000060cd      0x73f ./Drivers/STM32F1xx_HAL_Driver/Src/stm32f1xx_hal_dma.o
 .debug_info    0x000000000000680c      0x615 ./Drivers/STM32F1xx_HAL_Driver/Src/stm32f1xx_hal_gpio.o
 .debug_info    0x0000000000006e21     0x2734 ./Drivers/STM32F1xx_HAL_Driver/Src/stm32f1xx_hal_i2c.o
 .debug_info    0x0000000000009555      0x860 ./Drivers/STM32F1xx_HAL_Driver/Src/stm32f1xx_hal_rcc.o
 .debug_info    0x0000000000009db5     0x29de ./Drivers/STM32F1xx_HAL_Driver/Src/stm32f1xx_hal_tim.o
 .debug_info    0x000000000000c793     0x1513 ./Drivers/STM32F1xx_HAL_Driver/Src/stm32f1xx_hal_tim_ex.o
 .debug_info    0x000000000000dca6     0x15d8 ./Drivers/STM32F1xx_HAL_Driver/Src/stm32f1xx_hal_uart.o

.debug_abbrev   0x0000000000000000     0x257b
 .debug_abbrev  0x0000000000000000      0x2e7 ./Core/Src/app_i2c_lcd.o
 .debug_abbrev  0x00000000000002e7      0x162 ./Core/Src/fsm.o
 .debug_abbrev  0x0000000000000449       0x69 ./Core/Src/global.o
 .debug_abbrev  0x00000000000004b2      0x179 ./Core/Src/led_pannel.o
 .debug_abbrev  0x000000000000062b      0x326 ./Core/Src/main.o
 .debug_abbrev  0x0000000000000951       0xb6 ./Core/Src/software_timer.o
 .debug_abbrev  0x0000000000000a07      0x1c5 ./Core/Src/stm32f1xx_hal_msp.o
 .debug_abbrev  0x0000000000000bcc      0x184 ./Core/Src/stm32f1xx_it.o
 .debug_abbrev  0x0000000000000d50       0xbb ./Core/Src/sysmem.o
 .debug_abbrev  0x0000000000000e0b      0x13b ./Core/Src/system_stm32f1xx.o
 .debug_abbrev  0x0000000000000f46      0x118 ./Core/Src/uart_reading.o
 .debug_abbrev  0x000000000000105e       0x12 ./Core/Startup/startup_stm32f103rbtx.o
 .debug_abbrev  0x0000000000001070      0x1fb ./Drivers/STM32F1xx_HAL_Driver/Src/stm32f1xx_hal.o
 .debug_abbrev  0x000000000000126b      0x2ed ./Drivers/STM32F1xx_HAL_Driver/Src/stm32f1xx_hal_cortex.o
 .debug_abbrev  0x0000000000001558      0x1fe ./Drivers/STM32F1xx_HAL_Driver/Src/stm32f1xx_hal_dma.o
 .debug_abbrev  0x0000000000001756      0x1bb ./Drivers/STM32F1xx_HAL_Driver/Src/stm32f1xx_hal_gpio.o
 .debug_abbrev  0x0000000000001911      0x288 ./Drivers/STM32F1xx_HAL_Driver/Src/stm32f1xx_hal_i2c.o
 .debug_abbrev  0x0000000000001b99      0x2a8 ./Drivers/STM32F1xx_HAL_Driver/Src/stm32f1xx_hal_rcc.o
 .debug_abbrev  0x0000000000001e41      0x25d ./Drivers/STM32F1xx_HAL_Driver/Src/stm32f1xx_hal_tim.o
 .debug_abbrev  0x000000000000209e      0x265 ./Drivers/STM32F1xx_HAL_Driver/Src/stm32f1xx_hal_tim_ex.o
 .debug_abbrev  0x0000000000002303      0x278 ./Drivers/STM32F1xx_HAL_Driver/Src/stm32f1xx_hal_uart.o

.debug_aranges  0x0000000000000000     0x11b8
 .debug_aranges
                0x0000000000000000      0x140 ./Core/Src/app_i2c_lcd.o
 .debug_aranges
                0x0000000000000140       0x48 ./Core/Src/fsm.o
 .debug_aranges
                0x0000000000000188       0x28 ./Core/Src/global.o
 .debug_aranges
                0x00000000000001b0       0x90 ./Core/Src/led_pannel.o
 .debug_aranges
                0x0000000000000240       0x60 ./Core/Src/main.o
 .debug_aranges
                0x00000000000002a0       0x70 ./Core/Src/software_timer.o
 .debug_aranges
                0x0000000000000310       0x50 ./Core/Src/stm32f1xx_hal_msp.o
 .debug_aranges
                0x0000000000000360       0x70 ./Core/Src/stm32f1xx_it.o
 .debug_aranges
                0x00000000000003d0       0x20 ./Core/Src/sysmem.o
 .debug_aranges
                0x00000000000003f0       0x28 ./Core/Src/system_stm32f1xx.o
 .debug_aranges
                0x0000000000000418       0x58 ./Core/Src/uart_reading.o
 .debug_aranges
                0x0000000000000470       0x28 ./Core/Startup/startup_stm32f103rbtx.o
 .debug_aranges
                0x0000000000000498       0xe0 ./Drivers/STM32F1xx_HAL_Driver/Src/stm32f1xx_hal.o
 .debug_aranges
                0x0000000000000578      0x100 ./Drivers/STM32F1xx_HAL_Driver/Src/stm32f1xx_hal_cortex.o
 .debug_aranges
                0x0000000000000678       0x80 ./Drivers/STM32F1xx_HAL_Driver/Src/stm32f1xx_hal_dma.o
 .debug_aranges
                0x00000000000006f8       0x58 ./Drivers/STM32F1xx_HAL_Driver/Src/stm32f1xx_hal_gpio.o
 .debug_aranges
                0x0000000000000750      0x2a0 ./Drivers/STM32F1xx_HAL_Driver/Src/stm32f1xx_hal_i2c.o
 .debug_aranges
                0x00000000000009f0       0x90 ./Drivers/STM32F1xx_HAL_Driver/Src/stm32f1xx_hal_rcc.o
 .debug_aranges
                0x0000000000000a80      0x3d0 ./Drivers/STM32F1xx_HAL_Driver/Src/stm32f1xx_hal_tim.o
 .debug_aranges
                0x0000000000000e50      0x168 ./Drivers/STM32F1xx_HAL_Driver/Src/stm32f1xx_hal_tim_ex.o
 .debug_aranges
                0x0000000000000fb8      0x200 ./Drivers/STM32F1xx_HAL_Driver/Src/stm32f1xx_hal_uart.o

.debug_ranges   0x0000000000000000     0x10c8
 .debug_ranges  0x0000000000000000      0x130 ./Core/Src/app_i2c_lcd.o
 .debug_ranges  0x0000000000000130       0x38 ./Core/Src/fsm.o
 .debug_ranges  0x0000000000000168       0x18 ./Core/Src/global.o
 .debug_ranges  0x0000000000000180       0x80 ./Core/Src/led_pannel.o
 .debug_ranges  0x0000000000000200       0x50 ./Core/Src/main.o
 .debug_ranges  0x0000000000000250       0x60 ./Core/Src/software_timer.o
 .debug_ranges  0x00000000000002b0       0x40 ./Core/Src/stm32f1xx_hal_msp.o
 .debug_ranges  0x00000000000002f0       0x60 ./Core/Src/stm32f1xx_it.o
 .debug_ranges  0x0000000000000350       0x10 ./Core/Src/sysmem.o
 .debug_ranges  0x0000000000000360       0x18 ./Core/Src/system_stm32f1xx.o
 .debug_ranges  0x0000000000000378       0x48 ./Core/Src/uart_reading.o
 .debug_ranges  0x00000000000003c0       0x20 ./Core/Startup/startup_stm32f103rbtx.o
 .debug_ranges  0x00000000000003e0       0xd0 ./Drivers/STM32F1xx_HAL_Driver/Src/stm32f1xx_hal.o
 .debug_ranges  0x00000000000004b0       0xf0 ./Drivers/STM32F1xx_HAL_Driver/Src/stm32f1xx_hal_cortex.o
 .debug_ranges  0x00000000000005a0       0x70 ./Drivers/STM32F1xx_HAL_Driver/Src/stm32f1xx_hal_dma.o
 .debug_ranges  0x0000000000000610       0x48 ./Drivers/STM32F1xx_HAL_Driver/Src/stm32f1xx_hal_gpio.o
 .debug_ranges  0x0000000000000658      0x2b8 ./Drivers/STM32F1xx_HAL_Driver/Src/stm32f1xx_hal_i2c.o
 .debug_ranges  0x0000000000000910       0x80 ./Drivers/STM32F1xx_HAL_Driver/Src/stm32f1xx_hal_rcc.o
 .debug_ranges  0x0000000000000990      0x3c0 ./Drivers/STM32F1xx_HAL_Driver/Src/stm32f1xx_hal_tim.o
 .debug_ranges  0x0000000000000d50      0x158 ./Drivers/STM32F1xx_HAL_Driver/Src/stm32f1xx_hal_tim_ex.o
 .debug_ranges  0x0000000000000ea8      0x220 ./Drivers/STM32F1xx_HAL_Driver/Src/stm32f1xx_hal_uart.o

.debug_macro    0x0000000000000000    0x198c8
 .debug_macro   0x0000000000000000      0x4cf ./Core/Src/app_i2c_lcd.o
 .debug_macro   0x00000000000004cf      0xa6c ./Core/Src/app_i2c_lcd.o
 .debug_macro   0x0000000000000f3b      0x221 ./Core/Src/app_i2c_lcd.o
 .debug_macro   0x000000000000115c       0x2e ./Core/Src/app_i2c_lcd.o
 .debug_macro   0x000000000000118a       0x22 ./Core/Src/app_i2c_lcd.o
 .debug_macro   0x00000000000011ac       0x22 ./Core/Src/app_i2c_lcd.o
 .debug_macro   0x00000000000011ce       0x8e ./Core/Src/app_i2c_lcd.o
 .debug_macro   0x000000000000125c       0x51 ./Core/Src/app_i2c_lcd.o
 .debug_macro   0x00000000000012ad      0x103 ./Core/Src/app_i2c_lcd.o
 .debug_macro   0x00000000000013b0       0x6a ./Core/Src/app_i2c_lcd.o
 .debug_macro   0x000000000000141a      0x1df ./Core/Src/app_i2c_lcd.o
 .debug_macro   0x00000000000015f9       0x1c ./Core/Src/app_i2c_lcd.o
 .debug_macro   0x0000000000001615       0x22 ./Core/Src/app_i2c_lcd.o
 .debug_macro   0x0000000000001637       0xbd ./Core/Src/app_i2c_lcd.o
 .debug_macro   0x00000000000016f4      0xd23 ./Core/Src/app_i2c_lcd.o
 .debug_macro   0x0000000000002417     0xe09e ./Core/Src/app_i2c_lcd.o
 .debug_macro   0x00000000000104b5       0x6d ./Core/Src/app_i2c_lcd.o
 .debug_macro   0x0000000000010522     0x3468 ./Core/Src/app_i2c_lcd.o
 .debug_macro   0x000000000001398a      0x174 ./Core/Src/app_i2c_lcd.o
 .debug_macro   0x0000000000013afe       0x5c ./Core/Src/app_i2c_lcd.o
 .debug_macro   0x0000000000013b5a      0x5be ./Core/Src/app_i2c_lcd.o
 .debug_macro   0x0000000000014118      0x289 ./Core/Src/app_i2c_lcd.o
 .debug_macro   0x00000000000143a1      0x1cb ./Core/Src/app_i2c_lcd.o
 .debug_macro   0x000000000001456c      0x114 ./Core/Src/app_i2c_lcd.o
 .debug_macro   0x0000000000014680      0x1b2 ./Core/Src/app_i2c_lcd.o
 .debug_macro   0x0000000000014832       0x27 ./Core/Src/app_i2c_lcd.o
 .debug_macro   0x0000000000014859      0x136 ./Core/Src/app_i2c_lcd.o
 .debug_macro   0x000000000001498f      0x1bc ./Core/Src/app_i2c_lcd.o
 .debug_macro   0x0000000000014b4b       0x34 ./Core/Src/app_i2c_lcd.o
 .debug_macro   0x0000000000014b7f       0x3c ./Core/Src/app_i2c_lcd.o
 .debug_macro   0x0000000000014bbb       0x57 ./Core/Src/app_i2c_lcd.o
 .debug_macro   0x0000000000014c12       0x88 ./Core/Src/app_i2c_lcd.o
 .debug_macro   0x0000000000014c9a      0x241 ./Core/Src/app_i2c_lcd.o
 .debug_macro   0x0000000000014edb      0x287 ./Core/Src/app_i2c_lcd.o
 .debug_macro   0x0000000000015162      0x141 ./Core/Src/app_i2c_lcd.o
 .debug_macro   0x00000000000152a3      0x8d1 ./Core/Src/app_i2c_lcd.o
 .debug_macro   0x0000000000015b74      0x279 ./Core/Src/app_i2c_lcd.o
 .debug_macro   0x0000000000015ded       0x83 ./Core/Src/app_i2c_lcd.o
 .debug_macro   0x0000000000015e70       0x58 ./Core/Src/app_i2c_lcd.o
 .debug_macro   0x0000000000015ec8       0x52 ./Core/Src/app_i2c_lcd.o
 .debug_macro   0x0000000000015f1a       0x18 ./Core/Src/app_i2c_lcd.o
 .debug_macro   0x0000000000015f32       0x3c ./Core/Src/app_i2c_lcd.o
 .debug_macro   0x0000000000015f6e       0x34 ./Core/Src/app_i2c_lcd.o
 .debug_macro   0x0000000000015fa2       0x16 ./Core/Src/app_i2c_lcd.o
 .debug_macro   0x0000000000015fb8       0x35 ./Core/Src/app_i2c_lcd.o
 .debug_macro   0x0000000000015fed      0x341 ./Core/Src/app_i2c_lcd.o
 .debug_macro   0x000000000001632e       0x10 ./Core/Src/app_i2c_lcd.o
 .debug_macro   0x000000000001633e       0x16 ./Core/Src/app_i2c_lcd.o
 .debug_macro   0x0000000000016354       0x43 ./Core/Src/app_i2c_lcd.o
 .debug_macro   0x0000000000016397       0x34 ./Core/Src/app_i2c_lcd.o
 .debug_macro   0x00000000000163cb       0x10 ./Core/Src/app_i2c_lcd.o
 .debug_macro   0x00000000000163db       0x58 ./Core/Src/app_i2c_lcd.o
 .debug_macro   0x0000000000016433       0x71 ./Core/Src/app_i2c_lcd.o
 .debug_macro   0x00000000000164a4       0x1c ./Core/Src/app_i2c_lcd.o
 .debug_macro   0x00000000000164c0      0x12a ./Core/Src/app_i2c_lcd.o
 .debug_macro   0x00000000000165ea       0x10 ./Core/Src/app_i2c_lcd.o
 .debug_macro   0x00000000000165fa       0x1c ./Core/Src/app_i2c_lcd.o
 .debug_macro   0x0000000000016616       0x52 ./Core/Src/app_i2c_lcd.o
 .debug_macro   0x0000000000016668       0x22 ./Core/Src/app_i2c_lcd.o
 .debug_macro   0x000000000001668a       0x10 ./Core/Src/app_i2c_lcd.o
 .debug_macro   0x000000000001669a       0x52 ./Core/Src/app_i2c_lcd.o
 .debug_macro   0x00000000000166ec       0xd5 ./Core/Src/app_i2c_lcd.o
 .debug_macro   0x00000000000167c1       0x1c ./Core/Src/app_i2c_lcd.o
 .debug_macro   0x00000000000167dd       0x3d ./Core/Src/app_i2c_lcd.o
 .debug_macro   0x000000000001681a       0x16 ./Core/Src/app_i2c_lcd.o
 .debug_macro   0x0000000000016830      0x145 ./Core/Src/app_i2c_lcd.o
 .debug_macro   0x0000000000016975       0x16 ./Core/Src/app_i2c_lcd.o
 .debug_macro   0x000000000001698b       0x16 ./Core/Src/app_i2c_lcd.o
 .debug_macro   0x00000000000169a1       0x29 ./Core/Src/app_i2c_lcd.o
 .debug_macro   0x00000000000169ca       0x10 ./Core/Src/app_i2c_lcd.o
 .debug_macro   0x00000000000169da      0x2e8 ./Core/Src/app_i2c_lcd.o
 .debug_macro   0x0000000000016cc2       0x7c ./Core/Src/app_i2c_lcd.o
 .debug_macro   0x0000000000016d3e      0x19b ./Core/Src/app_i2c_lcd.o
 .debug_macro   0x0000000000016ed9       0x16 ./Core/Src/app_i2c_lcd.o
 .debug_macro   0x0000000000016eef       0x20 ./Core/Src/app_i2c_lcd.o
 .debug_macro   0x0000000000016f0f      0x3df ./Core/Src/fsm.o
 .debug_macro   0x00000000000172ee      0x3d5 ./Core/Src/global.o
 .debug_macro   0x00000000000176c3      0x1c6 ./Core/Src/led_pannel.o
 .debug_macro   0x0000000000017889      0x3e3 ./Core/Src/main.o
 .debug_macro   0x0000000000017c6c       0x1b ./Core/Src/software_timer.o
 .debug_macro   0x0000000000017c87      0x1bc ./Core/Src/stm32f1xx_hal_msp.o
 .debug_macro   0x0000000000017e43      0x1c6 ./Core/Src/stm32f1xx_it.o
 .debug_macro   0x0000000000018009       0xff ./Core/Src/sysmem.o
 .debug_macro   0x0000000000018108      0x23b ./Core/Src/sysmem.o
 .debug_macro   0x0000000000018343      0x1ad ./Core/Src/system_stm32f1xx.o
 .debug_macro   0x00000000000184f0      0x3d9 ./Core/Src/uart_reading.o
 .debug_macro   0x00000000000188c9      0x1d1 ./Drivers/STM32F1xx_HAL_Driver/Src/stm32f1xx_hal.o
 .debug_macro   0x0000000000018a9a      0x1ad ./Drivers/STM32F1xx_HAL_Driver/Src/stm32f1xx_hal_cortex.o
 .debug_macro   0x0000000000018c47      0x1ad ./Drivers/STM32F1xx_HAL_Driver/Src/stm32f1xx_hal_dma.o
 .debug_macro   0x0000000000018df4      0x218 ./Drivers/STM32F1xx_HAL_Driver/Src/stm32f1xx_hal_gpio.o
 .debug_macro   0x000000000001900c      0x1f4 ./Drivers/STM32F1xx_HAL_Driver/Src/stm32f1xx_hal_i2c.o
 .debug_macro   0x0000000000019200      0x1bf ./Drivers/STM32F1xx_HAL_Driver/Src/stm32f1xx_hal_rcc.o
 .debug_macro   0x00000000000193bf      0x1ae ./Drivers/STM32F1xx_HAL_Driver/Src/stm32f1xx_hal_tim.o
 .debug_macro   0x000000000001956d      0x1ad ./Drivers/STM32F1xx_HAL_Driver/Src/stm32f1xx_hal_tim_ex.o
 .debug_macro   0x000000000001971a      0x1ae ./Drivers/STM32F1xx_HAL_Driver/Src/stm32f1xx_hal_uart.o

.debug_line     0x0000000000000000    0x1371d
 .debug_line    0x0000000000000000      0xd9b ./Core/Src/app_i2c_lcd.o
 .debug_line    0x0000000000000d9b      0xb4e ./Core/Src/fsm.o
 .debug_line    0x00000000000018e9      0x944 ./Core/Src/global.o
 .debug_line    0x000000000000222d      0x915 ./Core/Src/led_pannel.o
 .debug_line    0x0000000000002b42      0xb11 ./Core/Src/main.o
 .debug_line    0x0000000000003653      0x22e ./Core/Src/software_timer.o
 .debug_line    0x0000000000003881      0x761 ./Core/Src/stm32f1xx_hal_msp.o
 .debug_line    0x0000000000003fe2      0x777 ./Core/Src/stm32f1xx_it.o
 .debug_line    0x0000000000004759      0x4e5 ./Core/Src/sysmem.o
 .debug_line    0x0000000000004c3e      0x703 ./Core/Src/system_stm32f1xx.o
 .debug_line    0x0000000000005341      0xb1d ./Core/Src/uart_reading.o
 .debug_line    0x0000000000005e5e       0x87 ./Core/Startup/startup_stm32f103rbtx.o
 .debug_line    0x0000000000005ee5      0x930 ./Drivers/STM32F1xx_HAL_Driver/Src/stm32f1xx_hal.o
 .debug_line    0x0000000000006815      0xb18 ./Drivers/STM32F1xx_HAL_Driver/Src/stm32f1xx_hal_cortex.o
 .debug_line    0x000000000000732d      0xd88 ./Drivers/STM32F1xx_HAL_Driver/Src/stm32f1xx_hal_dma.o
 .debug_line    0x00000000000080b5      0x9c7 ./Drivers/STM32F1xx_HAL_Driver/Src/stm32f1xx_hal_gpio.o
 .debug_line    0x0000000000008a7c     0x3a1a ./Drivers/STM32F1xx_HAL_Driver/Src/stm32f1xx_hal_i2c.o
 .debug_line    0x000000000000c496      0xd3e ./Drivers/STM32F1xx_HAL_Driver/Src/stm32f1xx_hal_rcc.o
 .debug_line    0x000000000000d1d4     0x32e6 ./Drivers/STM32F1xx_HAL_Driver/Src/stm32f1xx_hal_tim.o
 .debug_line    0x00000000000104ba     0x1858 ./Drivers/STM32F1xx_HAL_Driver/Src/stm32f1xx_hal_tim_ex.o
 .debug_line    0x0000000000011d12     0x1a0b ./Drivers/STM32F1xx_HAL_Driver/Src/stm32f1xx_hal_uart.o

.debug_str      0x0000000000000000    0x8e845
 .debug_str     0x0000000000000000    0x8a0b1 ./Core/Src/app_i2c_lcd.o
                                      0x8a4b1 (size before relaxing)
 .debug_str     0x000000000008a0b1      0x1fc ./Core/Src/fsm.o
                                      0x89c46 (size before relaxing)
 .debug_str     0x000000000008a2ad       0x25 ./Core/Src/global.o
                                      0x89a99 (size before relaxing)
 .debug_str     0x000000000008a2d2       0xc0 ./Core/Src/led_pannel.o
                                      0x84d91 (size before relaxing)
 .debug_str     0x000000000008a392      0x850 ./Core/Src/main.o
                                      0x8a861 (size before relaxing)
 .debug_str     0x000000000008abe2      0x117 ./Core/Src/software_timer.o
                                       0x2e3d (size before relaxing)
 .debug_str     0x000000000008acf9      0x395 ./Core/Src/stm32f1xx_hal_msp.o
                                      0x859e1 (size before relaxing)
 .debug_str     0x000000000008b08e      0x112 ./Core/Src/stm32f1xx_it.o
                                      0x853ec (size before relaxing)
 .debug_str     0x000000000008b1a0      0x4da ./Core/Src/sysmem.o
                                       0x5d59 (size before relaxing)
 .debug_str     0x000000000008b67a       0x7e ./Core/Src/system_stm32f1xx.o
                                      0x84bb0 (size before relaxing)
 .debug_str     0x000000000008b6f8       0xeb ./Core/Src/uart_reading.o
                                      0x89b69 (size before relaxing)
 .debug_str     0x000000000008b7e3       0x59 ./Core/Startup/startup_stm32f103rbtx.o
 .debug_str     0x000000000008b83c      0x384 ./Drivers/STM32F1xx_HAL_Driver/Src/stm32f1xx_hal.o
                                      0x852e3 (size before relaxing)
 .debug_str     0x000000000008bbc0      0x294 ./Drivers/STM32F1xx_HAL_Driver/Src/stm32f1xx_hal_cortex.o
                                      0x8522f (size before relaxing)
 .debug_str     0x000000000008be54      0x235 ./Drivers/STM32F1xx_HAL_Driver/Src/stm32f1xx_hal_dma.o
                                      0x84f59 (size before relaxing)
 .debug_str     0x000000000008c089      0x2ce ./Drivers/STM32F1xx_HAL_Driver/Src/stm32f1xx_hal_gpio.o
                                      0x84f36 (size before relaxing)
 .debug_str     0x000000000008c357      0xb3d ./Drivers/STM32F1xx_HAL_Driver/Src/stm32f1xx_hal_i2c.o
                                      0x85c24 (size before relaxing)
 .debug_str     0x000000000008ce94      0x209 ./Drivers/STM32F1xx_HAL_Driver/Src/stm32f1xx_hal_rcc.o
                                      0x84fdf (size before relaxing)
 .debug_str     0x000000000008d09d      0xd97 ./Drivers/STM32F1xx_HAL_Driver/Src/stm32f1xx_hal_tim.o
                                      0x85fca (size before relaxing)
 .debug_str     0x000000000008de34      0x493 ./Drivers/STM32F1xx_HAL_Driver/Src/stm32f1xx_hal_tim_ex.o
                                      0x857e6 (size before relaxing)
 .debug_str     0x000000000008e2c7      0x57e ./Drivers/STM32F1xx_HAL_Driver/Src/stm32f1xx_hal_uart.o
                                      0x855ea (size before relaxing)

.comment        0x0000000000000000       0x50
 .comment       0x0000000000000000       0x50 ./Core/Src/app_i2c_lcd.o
                                         0x51 (size before relaxing)
 .comment       0x0000000000000050       0x51 ./Core/Src/fsm.o
 .comment       0x0000000000000050       0x51 ./Core/Src/global.o
 .comment       0x0000000000000050       0x51 ./Core/Src/led_pannel.o
 .comment       0x0000000000000050       0x51 ./Core/Src/main.o
 .comment       0x0000000000000050       0x51 ./Core/Src/software_timer.o
 .comment       0x0000000000000050       0x51 ./Core/Src/stm32f1xx_hal_msp.o
 .comment       0x0000000000000050       0x51 ./Core/Src/stm32f1xx_it.o
 .comment       0x0000000000000050       0x51 ./Core/Src/sysmem.o
 .comment       0x0000000000000050       0x51 ./Core/Src/system_stm32f1xx.o
 .comment       0x0000000000000050       0x51 ./Core/Src/uart_reading.o
 .comment       0x0000000000000050       0x51 ./Drivers/STM32F1xx_HAL_Driver/Src/stm32f1xx_hal.o
 .comment       0x0000000000000050       0x51 ./Drivers/STM32F1xx_HAL_Driver/Src/stm32f1xx_hal_cortex.o
 .comment       0x0000000000000050       0x51 ./Drivers/STM32F1xx_HAL_Driver/Src/stm32f1xx_hal_dma.o
 .comment       0x0000000000000050       0x51 ./Drivers/STM32F1xx_HAL_Driver/Src/stm32f1xx_hal_gpio.o
 .comment       0x0000000000000050       0x51 ./Drivers/STM32F1xx_HAL_Driver/Src/stm32f1xx_hal_i2c.o
 .comment       0x0000000000000050       0x51 ./Drivers/STM32F1xx_HAL_Driver/Src/stm32f1xx_hal_rcc.o
 .comment       0x0000000000000050       0x51 ./Drivers/STM32F1xx_HAL_Driver/Src/stm32f1xx_hal_tim.o
 .comment       0x0000000000000050       0x51 ./Drivers/STM32F1xx_HAL_Driver/Src/stm32f1xx_hal_tim_ex.o
 .comment       0x0000000000000050       0x51 ./Drivers/STM32F1xx_HAL_Driver/Src/stm32f1xx_hal_uart.o

.debug_frame    0x0000000000000000     0x4d88
 .debug_frame   0x0000000000000000      0x4c4 ./Core/Src/app_i2c_lcd.o
 .debug_frame   0x00000000000004c4       0xbc ./Core/Src/fsm.o
 .debug_frame   0x0000000000000580       0x50 ./Core/Src/global.o
 .debug_frame   0x00000000000005d0      0x200 ./Core/Src/led_pannel.o
 .debug_frame   0x00000000000007d0      0x130 ./Core/Src/main.o
 .debug_frame   0x0000000000000900      0x1c0 ./Core/Src/software_timer.o
 .debug_frame   0x0000000000000ac0      0x110 ./Core/Src/stm32f1xx_hal_msp.o
 .debug_frame   0x0000000000000bd0      0x13c ./Core/Src/stm32f1xx_it.o
 .debug_frame   0x0000000000000d0c       0x34 ./Core/Src/sysmem.o
 .debug_frame   0x0000000000000d40       0x58 ./Core/Src/system_stm32f1xx.o
 .debug_frame   0x0000000000000d98      0x13c ./Core/Src/uart_reading.o
 .debug_frame   0x0000000000000ed4      0x334 ./Drivers/STM32F1xx_HAL_Driver/Src/stm32f1xx_hal.o
 .debug_frame   0x0000000000001208      0x428 ./Drivers/STM32F1xx_HAL_Driver/Src/stm32f1xx_hal_cortex.o
 .debug_frame   0x0000000000001630      0x208 ./Drivers/STM32F1xx_HAL_Driver/Src/stm32f1xx_hal_dma.o
 .debug_frame   0x0000000000001838      0x14c ./Drivers/STM32F1xx_HAL_Driver/Src/stm32f1xx_hal_gpio.o
 .debug_frame   0x0000000000001984      0xc5c ./Drivers/STM32F1xx_HAL_Driver/Src/stm32f1xx_hal_i2c.o
 .debug_frame   0x00000000000025e0      0x21c ./Drivers/STM32F1xx_HAL_Driver/Src/stm32f1xx_hal_rcc.o
 .debug_frame   0x00000000000027fc     0x11b8 ./Drivers/STM32F1xx_HAL_Driver/Src/stm32f1xx_hal_tim.o
 .debug_frame   0x00000000000039b4      0x638 ./Drivers/STM32F1xx_HAL_Driver/Src/stm32f1xx_hal_tim_ex.o
 .debug_frame   0x0000000000003fec      0x914 ./Drivers/STM32F1xx_HAL_Driver/Src/stm32f1xx_hal_uart.o
 .debug_frame   0x0000000000004900       0x20 f:/stm32cubeide_1.11.0/stm32cubeide/plugins/com.st.stm32cube.ide.mcu.externaltools.gnu-tools-for-stm32.10.3-2021.10.win32_1.0.100.202210260954/tools/bin/../lib/gcc/arm-none-eabi/10.3.1/../../../../arm-none-eabi/lib/thumb/v7-m/nofp\libc_nano.a(lib_a-errno.o)
 .debug_frame   0x0000000000004920       0x2c f:/stm32cubeide_1.11.0/stm32cubeide/plugins/com.st.stm32cube.ide.mcu.externaltools.gnu-tools-for-stm32.10.3-2021.10.win32_1.0.100.202210260954/tools/bin/../lib/gcc/arm-none-eabi/10.3.1/../../../../arm-none-eabi/lib/thumb/v7-m/nofp\libc_nano.a(lib_a-init.o)