main.c:74:6:buzzer	16	static
main.c:82:6:ledBlink	16	static
main.c:102:6:UpdateStatus	4	static
main.c:109:6:buzzerStartUp	8	static
main.c:115:6:buzzerProcess	8	static
main.c:141:13:latchEnable	8	static
main.c:145:13:latchDisable	8	static
main.c:149:13:outputEnable	8	static
main.c:153:13:outputDisable	8	static
main.c:157:13:clockON	8	static
main.c:171:13:clockOFF	8	static
main.c:175:13:dataOUT	16	static
main.c:179:9:getBitValue	16	static
main.c:184:6:Led_Display_1	16	static
main.c:202:5:main	8	static
main.c:252:6:SystemClock_Config	72	static
main.c:288:13:MX_TIM2_Init	32	static
main.c:333:13:MX_GPIO_Init	40	static
main.c:390:6:HAL_TIM_PeriodElapsedCallback	16	static
main.c:404:6:Error_Handler	4	static,ignoring_inline_asm
